 WorkstationModel_sfun

 Timestamp is 543fd36f (Thu Oct 16 10:17:19 2014)

 Preferred load address is 0000000180000000

 Start         Length     Name                   Class
 0001:00000000 00066c84H .text                   CODE
 0001:00066c90 00000092H .text$x                 CODE
 0002:00000000 00000488H .idata$5                DATA
 0002:00000488 00000008H .CRT$XCA                DATA
 0002:00000490 00000008H .CRT$XCZ                DATA
 0002:00000498 00000008H .CRT$XIA                DATA
 0002:000004a0 00000008H .CRT$XIAA               DATA
 0002:000004a8 00000008H .CRT$XIZ                DATA
 0002:000004b0 00004c2cH .rdata                  DATA
 0002:000050e0 00000008H .rtc$IAA                DATA
 0002:000050e8 00000008H .rtc$IZZ                DATA
 0002:000050f0 00000008H .rtc$TAA                DATA
 0002:000050f8 00000008H .rtc$TZZ                DATA
 0002:00005100 00004a94H .xdata                  DATA
 0002:00009b94 000000a0H .idata$2                DATA
 0002:00009c34 00000014H .idata$3                DATA
 0002:00009c48 00000488H .idata$4                DATA
 0002:0000a0d0 00000a8cH .idata$6                DATA
 0002:0000ab60 0000005bH .edata                  DATA
 0003:00000000 00008348H .data                   DATA
 0003:00008360 000026f8H .bss                    DATA
 0004:00000000 00004170H .pdata                  DATA

  Address         Publics by Value              Rva+Base               Lib:Object

 0000:00000000       ___safe_se_handler_table   0000000000000000     <absolute>
 0000:00000000       ___safe_se_handler_count   0000000000000000     <absolute>
 0000:00000000       __ImageBase                0000000180000000     <linker-defined>
 0001:00000000       sf_c1_WorkstationModel_get_eml_resolved_functions_info 0000000180001000 f   c1_WorkstationModel.obj
 0001:00000080       sf_c1_WorkstationModel_get_check_sum 0000000180001080 f   c1_WorkstationModel.obj
 0001:00000100       sf_c1_WorkstationModel_get_autoinheritance_info 0000000180001100 f   c1_WorkstationModel.obj
 0001:000007b0       sf_internal_get_sim_state_c1_WorkstationModel 00000001800017b0 f   c1_WorkstationModel.obj
 0001:00000b10       sf_internal_set_sim_state_c1_WorkstationModel 0000000180001b10 f   c1_WorkstationModel.obj
 0001:00000f00       c1_WorkstationModel_method_dispatcher 0000000180001f00 f   c1_WorkstationModel.obj
 0001:00003ea0       sf_c2_WorkstationModel_get_eml_resolved_functions_info 0000000180004ea0 f   c2_WorkstationModel.obj
 0001:000043a0       sf_c2_WorkstationModel_get_check_sum 00000001800053a0 f   c2_WorkstationModel.obj
 0001:00004420       sf_c2_WorkstationModel_get_autoinheritance_info 0000000180005420 f   c2_WorkstationModel.obj
 0001:00004990       sf_internal_get_sim_state_c2_WorkstationModel 0000000180005990 f   c2_WorkstationModel.obj
 0001:00004ce0       sf_internal_set_sim_state_c2_WorkstationModel 0000000180005ce0 f   c2_WorkstationModel.obj
 0001:000050d0       c2_WorkstationModel_method_dispatcher 00000001800060d0 f   c2_WorkstationModel.obj
 0001:00006f70       sf_c3_WorkstationModel_get_eml_resolved_functions_info 0000000180007f70 f   c3_WorkstationModel.obj
 0001:00006ff0       sf_c3_WorkstationModel_get_check_sum 0000000180007ff0 f   c3_WorkstationModel.obj
 0001:00007070       sf_c3_WorkstationModel_get_autoinheritance_info 0000000180008070 f   c3_WorkstationModel.obj
 0001:00007310       sf_internal_get_sim_state_c3_WorkstationModel 0000000180008310 f   c3_WorkstationModel.obj
 0001:000075b0       sf_internal_set_sim_state_c3_WorkstationModel 00000001800085b0 f   c3_WorkstationModel.obj
 0001:00007850       c3_WorkstationModel_method_dispatcher 0000000180008850 f   c3_WorkstationModel.obj
 0001:000094c0       sf_c4_WorkstationModel_get_eml_resolved_functions_info 000000018000a4c0 f   c4_WorkstationModel.obj
 0001:00009940       sf_c4_WorkstationModel_get_check_sum 000000018000a940 f   c4_WorkstationModel.obj
 0001:000099c0       sf_c4_WorkstationModel_get_autoinheritance_info 000000018000a9c0 f   c4_WorkstationModel.obj
 0001:00009f30       sf_internal_get_sim_state_c4_WorkstationModel 000000018000af30 f   c4_WorkstationModel.obj
 0001:0000a280       sf_internal_set_sim_state_c4_WorkstationModel 000000018000b280 f   c4_WorkstationModel.obj
 0001:0000a670       c4_WorkstationModel_method_dispatcher 000000018000b670 f   c4_WorkstationModel.obj
 0001:0000c520       sf_c5_WorkstationModel_get_eml_resolved_functions_info 000000018000d520 f   c5_WorkstationModel.obj
 0001:0000c5a0       sf_c5_WorkstationModel_get_check_sum 000000018000d5a0 f   c5_WorkstationModel.obj
 0001:0000c620       sf_c5_WorkstationModel_get_autoinheritance_info 000000018000d620 f   c5_WorkstationModel.obj
 0001:0000ca00       sf_internal_get_sim_state_c5_WorkstationModel 000000018000da00 f   c5_WorkstationModel.obj
 0001:0000d210       sf_internal_set_sim_state_c5_WorkstationModel 000000018000e210 f   c5_WorkstationModel.obj
 0001:0000e3e0       c5_WorkstationModel_method_dispatcher 000000018000f3e0 f   c5_WorkstationModel.obj
 0001:00014090       sf_c6_WorkstationModel_get_eml_resolved_functions_info 0000000180015090 f   c6_WorkstationModel.obj
 0001:00014110       sf_c6_WorkstationModel_get_check_sum 0000000180015110 f   c6_WorkstationModel.obj
 0001:00014190       sf_c6_WorkstationModel_get_autoinheritance_info 0000000180015190 f   c6_WorkstationModel.obj
 0001:00014430       sf_internal_get_sim_state_c6_WorkstationModel 0000000180015430 f   c6_WorkstationModel.obj
 0001:000146d0       sf_internal_set_sim_state_c6_WorkstationModel 00000001800156d0 f   c6_WorkstationModel.obj
 0001:00014970       c6_WorkstationModel_method_dispatcher 0000000180015970 f   c6_WorkstationModel.obj
 0001:000165f0       sf_c7_WorkstationModel_get_eml_resolved_functions_info 00000001800175f0 f   c7_WorkstationModel.obj
 0001:00016670       sf_c7_WorkstationModel_get_check_sum 0000000180017670 f   c7_WorkstationModel.obj
 0001:000166f0       sf_c7_WorkstationModel_get_autoinheritance_info 00000001800176f0 f   c7_WorkstationModel.obj
 0001:00016b10       sf_internal_get_sim_state_c7_WorkstationModel 0000000180017b10 f   c7_WorkstationModel.obj
 0001:00016f90       sf_internal_set_sim_state_c7_WorkstationModel 0000000180017f90 f   c7_WorkstationModel.obj
 0001:00017900       c7_WorkstationModel_method_dispatcher 0000000180018900 f   c7_WorkstationModel.obj
 0001:0001a200       sf_c8_WorkstationModel_get_eml_resolved_functions_info 000000018001b200 f   c8_WorkstationModel.obj
 0001:0001a280       sf_c8_WorkstationModel_get_check_sum 000000018001b280 f   c8_WorkstationModel.obj
 0001:0001a300       sf_c8_WorkstationModel_get_autoinheritance_info 000000018001b300 f   c8_WorkstationModel.obj
 0001:0001a870       sf_internal_get_sim_state_c8_WorkstationModel 000000018001b870 f   c8_WorkstationModel.obj
 0001:0001abc0       sf_internal_set_sim_state_c8_WorkstationModel 000000018001bbc0 f   c8_WorkstationModel.obj
 0001:0001afb0       c8_WorkstationModel_method_dispatcher 000000018001bfb0 f   c8_WorkstationModel.obj
 0001:0001dde0       sf_c9_WorkstationModel_get_eml_resolved_functions_info 000000018001ede0 f   c9_WorkstationModel.obj
 0001:0001f2c0       sf_c9_WorkstationModel_get_check_sum 00000001800202c0 f   c9_WorkstationModel.obj
 0001:0001f340       sf_c9_WorkstationModel_get_autoinheritance_info 0000000180020340 f   c9_WorkstationModel.obj
 0001:0001fb30       sf_internal_get_sim_state_c9_WorkstationModel 0000000180020b30 f   c9_WorkstationModel.obj
 0001:0001fe90       sf_internal_set_sim_state_c9_WorkstationModel 0000000180020e90 f   c9_WorkstationModel.obj
 0001:00020280       c9_WorkstationModel_method_dispatcher 0000000180021280 f   c9_WorkstationModel.obj
 0001:00024cd0       sf_c10_WorkstationModel_get_eml_resolved_functions_info 0000000180025cd0 f   c10_WorkstationModel.obj
 0001:00024d50       sf_c10_WorkstationModel_get_check_sum 0000000180025d50 f   c10_WorkstationModel.obj
 0001:00024dd0       sf_c10_WorkstationModel_get_autoinheritance_info 0000000180025dd0 f   c10_WorkstationModel.obj
 0001:00025710       sf_internal_get_sim_state_c10_WorkstationModel 0000000180026710 f   c10_WorkstationModel.obj
 0001:00025ee0       sf_internal_set_sim_state_c10_WorkstationModel 0000000180026ee0 f   c10_WorkstationModel.obj
 0001:00026fb0       c10_WorkstationModel_method_dispatcher 0000000180027fb0 f   c10_WorkstationModel.obj
 0001:0002cb70       sf_c11_WorkstationModel_get_eml_resolved_functions_info 000000018002db70 f   c11_WorkstationModel.obj
 0001:0002cbf0       sf_c11_WorkstationModel_get_check_sum 000000018002dbf0 f   c11_WorkstationModel.obj
 0001:0002cc70       sf_c11_WorkstationModel_get_autoinheritance_info 000000018002dc70 f   c11_WorkstationModel.obj
 0001:0002d1e0       sf_internal_get_sim_state_c11_WorkstationModel 000000018002e1e0 f   c11_WorkstationModel.obj
 0001:0002d530       sf_internal_set_sim_state_c11_WorkstationModel 000000018002e530 f   c11_WorkstationModel.obj
 0001:0002d920       c11_WorkstationModel_method_dispatcher 000000018002e920 f   c11_WorkstationModel.obj
 0001:00030690       sf_c12_WorkstationModel_get_eml_resolved_functions_info 0000000180031690 f   c12_WorkstationModel.obj
 0001:00030710       sf_c12_WorkstationModel_get_check_sum 0000000180031710 f   c12_WorkstationModel.obj
 0001:00030790       sf_c12_WorkstationModel_get_autoinheritance_info 0000000180031790 f   c12_WorkstationModel.obj
 0001:00030d00       sf_internal_get_sim_state_c12_WorkstationModel 0000000180031d00 f   c12_WorkstationModel.obj
 0001:000310f0       sf_internal_set_sim_state_c12_WorkstationModel 00000001800320f0 f   c12_WorkstationModel.obj
 0001:00031930       c12_WorkstationModel_method_dispatcher 0000000180032930 f   c12_WorkstationModel.obj
 0001:000342f0       sf_process_check_sum_call  00000001800352f0 f   WorkstationModel_sfun_registry.obj
 0001:00034340       sf_process_autoinheritance_call 0000000180035340 f   WorkstationModel_sfun_registry.obj
 0001:000344e0       sf_process_get_eml_resolved_functions_info_call 00000001800354e0 f   WorkstationModel_sfun_registry.obj
 0001:00034660       sf_mex_unlock_call         0000000180035660 f   WorkstationModel_sfun_registry.obj
 0001:00034710       sf_machine_global_initializer_called 0000000180035710 f   WorkstationModel_sfun_registry.obj
 0001:00034740       sf_machine_global_method_dispatcher 0000000180035740 f   WorkstationModel_sfun_registry.obj
 0001:000347a0       sf_machine_global_terminator 00000001800357a0 f   WorkstationModel_sfun_registry.obj
 0001:000347e0       sf_register_machine_exported_symbols 00000001800357e0 f   WorkstationModel_sfun_registry.obj
 0001:00034800       callCustomFcn              0000000180035800 f   WorkstationModel_sfun_registry.obj
 0001:00034810       sf_machine_global_initializer 0000000180035810 f   WorkstationModel_sfun_registry.obj
 0001:00034880       _ssSetStateAbsTol          0000000180035880 f   WorkstationModel_sfun_registry.obj
 0001:00034960       _ssGetAbsTol               0000000180035960 f   WorkstationModel_sfun_registry.obj
 0001:000349d0       _ssSetInputPortMatrixDimensions 00000001800359d0 f   WorkstationModel_sfun_registry.obj
 0001:00034ae0       _ssSetOutputPortMatrixDimensions 0000000180035ae0 f   WorkstationModel_sfun_registry.obj
 0001:00034bf0       _ssSetInputPortVectorDimension 0000000180035bf0 f   WorkstationModel_sfun_registry.obj
 0001:00034cc0       _ssSetOutputPortVectorDimension 0000000180035cc0 f   WorkstationModel_sfun_registry.obj
 0001:00034d90       ssIsRunTimeParamTunable    0000000180035d90 f   WorkstationModel_sfun_registry.obj
 0001:00034e00       ssGetSFuncBlockHandle      0000000180035e00 f   WorkstationModel_sfun_registry.obj
 0001:00034e70       _ssGetCurrentInputPortWidth 0000000180035e70 f   WorkstationModel_sfun_registry.obj
 0001:00034f90       _ssGetCurrentOutputPortWidth 0000000180035f90 f   WorkstationModel_sfun_registry.obj
 0001:000350b0       _ssGetCallSystemNumFcnCallDestinations 00000001800360b0 f   WorkstationModel_sfun_registry.obj
 0001:00035120       ssWarning                  0000000180036120 f   WorkstationModel_sfun_registry.obj
 0001:00035230       ssGetIsZeroCrossControlDisabled 0000000180036230 f   WorkstationModel_sfun_registry.obj
 0001:000352a0       ssSetIsInputPortUsedForContZcSignal 00000001800362a0 f   WorkstationModel_sfun_registry.obj
 0001:00035310       ssSetZcSignalIsZcElementDisc 0000000180036310 f   WorkstationModel_sfun_registry.obj
 0001:000353c0       ssSetZcSignalName          00000001800363c0 f   WorkstationModel_sfun_registry.obj
 0001:00035430       ssSetZcSignalWidth         0000000180036430 f   WorkstationModel_sfun_registry.obj
 0001:000354a0       ssSetZcSignalZcEventType   00000001800364a0 f   WorkstationModel_sfun_registry.obj
 0001:00035510       ssSetZcSignalType          0000000180036510 f   WorkstationModel_sfun_registry.obj
 0001:00035580       ssSetZcSignalZcTol         0000000180036580 f   WorkstationModel_sfun_registry.obj
 0001:000355f0       ssSetZcSignalNeedsEventNotification 00000001800365f0 f   WorkstationModel_sfun_registry.obj
 0001:00035660       ssCreateAndAddZcSignalInfo 0000000180036660 f   WorkstationModel_sfun_registry.obj
 0001:000356d0       ssCloneAndAddZcSignalInfo  00000001800366d0 f   WorkstationModel_sfun_registry.obj
 0001:00035740       ssGetNumZcSignals          0000000180036740 f   WorkstationModel_sfun_registry.obj
 0001:000357b0       ssGetZcSignalVector        00000001800367b0 f   WorkstationModel_sfun_registry.obj
 0001:00035820       ssGetZcSignalZcEvents      0000000180036820 f   WorkstationModel_sfun_registry.obj
 0001:00035890       ssGetZcSignalName          0000000180036890 f   WorkstationModel_sfun_registry.obj
 0001:00035900       ssGetZcSignalWidth         0000000180036900 f   WorkstationModel_sfun_registry.obj
 0001:00035970       ssGetZcSignalZcEventType   0000000180036970 f   WorkstationModel_sfun_registry.obj
 0001:000359e0       ssGetZcSignalType          00000001800369e0 f   WorkstationModel_sfun_registry.obj
 0001:00035a50       ssGetZcSignalZcTol         0000000180036a50 f   WorkstationModel_sfun_registry.obj
 0001:00035ad0       ssGetZcSignalNeedsEventNotification 0000000180036ad0 f   WorkstationModel_sfun_registry.obj
 0001:00035b40       ssGetZcSignalIsZcElementDisc 0000000180036b40 f   WorkstationModel_sfun_registry.obj
 0001:00035be0       ssGetIsInputPortElementContinuous 0000000180036be0 f   WorkstationModel_sfun_registry.obj
 0001:00035c80       _ssGetInputPortSignalPtrsFcn 0000000180036c80 f   WorkstationModel_sfun_registry.obj
 0001:00035f40       _ssGetInputPortSignalFcn   0000000180036f40 f   WorkstationModel_sfun_registry.obj
 0001:00036160       _ssSetInputPortDirectFeedThroughFcn 0000000180037160 f   WorkstationModel_sfun_registry.obj
 0001:000362c0       _ssSetInputPortReusableFcn 00000001800372c0 f   WorkstationModel_sfun_registry.obj
 0001:000363b0       _ssSetOutputPortReusableFcn 00000001800373b0 f   WorkstationModel_sfun_registry.obj
 0001:00036490       ssGetDTypeIdFromMxArray    0000000180037490 f   WorkstationModel_sfun_registry.obj
 0001:000365b0       ssWriteRTWStr              00000001800375b0 f   WorkstationModel_sfun_registry.obj
 0001:00036610       ssWriteRTWMxVectParam      0000000180037610 f   WorkstationModel_sfun_registry.obj
 0001:00036670       ssWriteRTWMx2dMatParam     0000000180037670 f   WorkstationModel_sfun_registry.obj
 0001:000366f0       ssWriteRTWNameValuePair    00000001800376f0 f   WorkstationModel_sfun_registry.obj
 0001:00036be0       ssWriteRTWParameters       0000000180037be0 f   WorkstationModel_sfun_registry.obj
 0001:000371e0       ssWriteRTWParamSettings    00000001800381e0 f   WorkstationModel_sfun_registry.obj
 0001:000378b0       ssWriteRTWWorkVect         00000001800388b0 f   WorkstationModel_sfun_registry.obj
 0001:00037db0       mexFunction                0000000180038db0 f   WorkstationModel_sfun_registry.obj
 0001:000399f0       ProcessMexSfunctionEveryCall 000000018003a9f0 f   WorkstationModel_sfun_registry.obj
 0001:00039b60       WorkstationModel_initializer 000000018003ab60 f   WorkstationModel_sfun.obj
 0001:00039b70       WorkstationModel_terminator 000000018003ab70 f   WorkstationModel_sfun.obj
 0001:00039b80       sf_WorkstationModel_method_dispatcher 000000018003ab80 f   WorkstationModel_sfun.obj
 0001:00039d50       sf_WorkstationModel_process_check_sum_call 000000018003ad50 f   WorkstationModel_sfun.obj
 0001:0003a250       sf_WorkstationModel_autoinheritance_info 000000018003b250 f   WorkstationModel_sfun.obj
 0001:0003a710       sf_WorkstationModel_get_eml_resolved_functions_info 000000018003b710 f   WorkstationModel_sfun.obj
 0001:0003aaf0       WorkstationModel_debug_initialize 000000018003baf0 f   WorkstationModel_sfun.obj
 0001:0003ab60       WorkstationModel_register_exported_symbols 000000018003bb60 f   WorkstationModel_sfun.obj
 0001:0003ab70       load_WorkstationModel_optimization_info 000000018003bb70 f   WorkstationModel_sfun.obj
 0001:0003abc0       unload_WorkstationModel_optimization_info 000000018003bbc0 f   WorkstationModel_sfun.obj
 0001:0003ac90       sf_mex_mx_is_numeric       000000018003bc90 f   sfc_mex:sfc_mex.obj
 0001:0003acd0       strcmp_ignore_ws           000000018003bcd0 f   sfc_mex:sfc_mex.obj
 0001:0003ae10       sf_mex_duplicatearraysafe  000000018003be10 f   sfc_mex:sfc_mex.obj
 0001:0003af70       sf_set_error_debugger_context_message_fcn 000000018003bf70 f   sfc_mex:sfc_mex.obj
 0001:0003af80       sf_set_debugger_matlab_error_fcn 000000018003bf80 f   sfc_mex:sfc_mex.obj
 0001:0003afb0       sf_set_error_prefix_string 000000018003bfb0 f   sfc_mex:sfc_mex.obj
 0001:0003afe0       sf_get_error_prefix_string 000000018003bfe0 f   sfc_mex:sfc_mex.obj
 0001:0003aff0       sf_mex_enter_parallel_region 000000018003bff0 f   sfc_mex:sfc_mex.obj
 0001:0003b000       sf_mex_exit_parallel_region 000000018003c000 f   sfc_mex:sfc_mex.obj
 0001:0003b010       sf_get_current_jmp_buf_ptr 000000018003c010 f   sfc_mex:sfc_mex.obj
 0001:0003b020       sf_set_current_jmp_buf_ptr 000000018003c020 f   sfc_mex:sfc_mex.obj
 0001:0003b030       sf_mex_set_halt_simulation 000000018003c030 f   sfc_mex:sfc_mex.obj
 0001:0003b040       sf_mex_get_halt_simulation 000000018003c040 f   sfc_mex:sfc_mex.obj
 0001:0003b050       sf_mex_clear_error_message 000000018003c050 f   sfc_mex:sfc_mex.obj
 0001:0003b070       sf_mex_get_error_message_for_read 000000018003c070 f   sfc_mex:sfc_mex.obj
 0001:0003b080       sf_mex_get_error_message_buffer_length 000000018003c080 f   sfc_mex:sfc_mex.obj
 0001:0003b160       sf_mex_warning_message     000000018003c160 f   sfc_mex:sfc_mex.obj
 0001:0003b1d0       sf_mex_v_errbuf_createf    000000018003c1d0 f   sfc_mex:sfc_mex.obj
 0001:0003b1e0       sf_mex_errbuf_createf      000000018003c1e0 f   sfc_mex:sfc_mex.obj
 0001:0003b210       sf_mex_v_errbuf_catf       000000018003c210 f   sfc_mex:sfc_mex.obj
 0001:0003b250       sf_mex_errbuf_catf         000000018003c250 f   sfc_mex:sfc_mex.obj
 0001:0003b2a0       sf_mex_errbuf_copy         000000018003c2a0 f   sfc_mex:sfc_mex.obj
 0001:0003b2b0       sf_mex_errbuf_clear        000000018003c2b0 f   sfc_mex:sfc_mex.obj
 0001:0003b2c0       sf_mex_errbuf_isempty      000000018003c2c0 f   sfc_mex:sfc_mex.obj
 0001:0003b3d0       sf_mex_set_error_status    000000018003c3d0 f   sfc_mex:sfc_mex.obj
 0001:0003b420       sf_mex_error_direct_call   000000018003c420 f   sfc_mex:sfc_mex.obj
 0001:0003b440       sf_mex_error_message_no_long_jump 000000018003c440 f   sfc_mex:sfc_mex.obj
 0001:0003b460       sf_mex_long_jump_on_error  000000018003c460 f   sfc_mex:sfc_mex.obj
 0001:0003b490       sf_mex_call_matlab         000000018003c490 f   sfc_mex:sfc_mex.obj
 0001:0003b5b0       sf_mex_check_builtin       000000018003c5b0 f   sfc_mex:sfc_mex.obj
 0001:0003b5f0       sf_mex_check_builtin_vs    000000018003c5f0 f   sfc_mex:sfc_mex.obj
 0001:0003b650       sf_mex_check_enum          000000018003c650 f   sfc_mex:sfc_mex.obj
 0001:0003b680       sf_mex_create_enum         000000018003c680 f   sfc_mex:sfc_mex.obj
 0001:0003b6a0       sf_mex_get_enum_element    000000018003c6a0 f   sfc_mex:sfc_mex.obj
 0001:0003b6b0       sf_mex_createcellarray     000000018003c6b0 f   sfc_mex:sfc_mex.obj
 0001:0003b6c0       sf_mex_setcell             000000018003c6c0 f   sfc_mex:sfc_mex.obj
 0001:0003b6d0       sf_mex_getcell             000000018003c6d0 f   sfc_mex:sfc_mex.obj
 0001:0003b6e0       sf_mex_dup                 000000018003c6e0 f   sfc_mex:sfc_mex.obj
 0001:0003b700       sf_mex_assign              000000018003c700 f   sfc_mex:sfc_mex.obj
 0001:0003b780       sf_mex_destroy             000000018003c780 f   sfc_mex:sfc_mex.obj
 0001:0003b7b0       mx_array_has_fi_type       000000018003c7b0 f   sfc_mex:sfc_mex.obj
 0001:0003b7e0       sf_mex_convert_from_fi     000000018003c7e0 f   sfc_mex:sfc_mex.obj
 0001:0003b890       sf_mex_convert_to_double   000000018003c890 f   sfc_mex:sfc_mex.obj
 0001:0003b9b0       sf_mex_import_fi_vs        000000018003c9b0 f   sfc_mex:sfc_mex.obj
 0001:0003bb70       sf_matrix_matrix_index_ok  000000018003cb70 f   sfc_mex:sfc_mex.obj
 0001:0003bc00       sf_vector_vector_index_ok  000000018003cc00 f   sfc_mex:sfc_mex.obj
 0001:0003bc30       ssGetCurrentInputPortDimensions_wrapper 000000018003cc30 f   sfc_mex:sfc_mex.obj
 0001:0003bc50       ssGetCurrentOutputPortDimensions_wrapper 000000018003cc50 f   sfc_mex:sfc_mex.obj
 0001:0003bc70       sf_mex_emlrt_context_is_debug_mode 000000018003cc70 f   sfc_mex:sfc_mex.obj
 0001:0003bc80       sf_mex_emlrt_context_set_debug_mode 000000018003cc80 f   sfc_mex:sfc_mex.obj
 0001:0003bc90       sf_mex_emlrtNameCapturePostProcessR2012a 000000018003cc90 f   sfc_mex:sfc_mex.obj
 0001:0003bd00       sf_clear_error_manager_info 000000018003cd00 f   sfc_mex:sfc_mex.obj
 0001:0003bd60       sf_mex_stop_simulation_abruptly_wo_error 000000018003cd60 f   sfc_mex:sfc_mex.obj
 0001:0003bda0       sf_mex_error_message       000000018003cda0 f   sfc_mex:sfc_mex.obj
 0001:0003be00       sf_react_to_error_in_matlab_call 000000018003ce00 f   sfc_mex:sfc_mex.obj
 0001:0003be30       sf_mex_addfield            000000018003ce30 f   sfc_mex:sfc_mex.obj
 0001:0003bed0       sf_mex_getfield            000000018003ced0 f   sfc_mex:sfc_mex.obj
 0001:0003c1d0       sf_mex_check_class         000000018003d1d0 f   sfc_mex:sfc_mex.obj
 0001:0003c270       sf_mex_is_real             000000018003d270 f   sfc_mex:sfc_mex.obj
 0001:0003c6e0       sf_mex_decode_encoded_mx_struct_array 000000018003d6e0 f   sfc_mex:sfc_mex.obj
 0001:0003c9c0       sf_mex_lw_bounds_check     000000018003d9c0 f   sfc_mex:sfc_mex.obj
 0001:0003c9f0       sf_mex_lw_size_eq_check_1d 000000018003d9f0 f   sfc_mex:sfc_mex.obj
 0001:0003ca10       sf_mex_lw_size_eq_check_nd 000000018003da10 f   sfc_mex:sfc_mex.obj
 0001:0003cbf0       sf_mex_lw_dim_size_eq_check 000000018003dbf0 f   sfc_mex:sfc_mex.obj
 0001:0003cc20       sf_mex_lw_dim_size_geq_check 000000018003dc20 f   sfc_mex:sfc_mex.obj
 0001:0003cc50       sf_mex_lw_sub_assign_size_check_nd 000000018003dc50 f   sfc_mex:sfc_mex.obj
 0001:0003ce80       sf_mex_lw_runtime_error_msgid 000000018003de80 f   sfc_mex:sfc_mex.obj
 0001:0003cf70       sf_mex_lw_matrix_matrix_index_check 000000018003df70 f   sfc_mex:sfc_mex.obj
 0001:0003cf90       sf_mex_lw_vector_vector_index_check 000000018003df90 f   sfc_mex:sfc_mex.obj
 0001:0003cfd0       sf_mex_lw_for_loop_vector_check 000000018003dfd0 f   sfc_mex:sfc_mex.obj
 0001:0003d050       sf_mex_lw_non_negative_check 000000018003e050 f   sfc_mex:sfc_mex.obj
 0001:0003d090       sf_mex_overflow_error      000000018003e090 f   sfc_mex:sfc_mex.obj
 0001:0003d0a0       sf_mex_dividebyzero_error  000000018003e0a0 f   sfc_mex:sfc_mex.obj
 0001:0003d0b0       sf_mex_unsafe_enum_error   000000018003e0b0 f   sfc_mex:sfc_mex.obj
 0001:0003d0c0       sf_emlrtErrHandler         000000018003e0c0 f   sfc_mex:sfc_mex.obj
 0001:0003d1a0       sf_mex_size_one_check      000000018003e1a0 f   sfc_mex:sfc_mex.obj
 0001:0003d1c0       sf_mex_printf              000000018003e1c0 f   sfc_mex:sfc_mex.obj
 0001:0003d390       sf_mex_check_size          000000018003e390 f   sfc_mex:sfc_mex.obj
 0001:0003d660       sf_mex_check_struct        000000018003e660 f   sfc_mex:sfc_mex.obj
 0001:0003d8c0       sf_mex_check_struct_vs     000000018003e8c0 f   sfc_mex:sfc_mex.obj
 0001:0003d950       sf_mex_check_fi            000000018003e950 f   sfc_mex:sfc_mex.obj
 0001:0003da50       sf_mex_check_fi_vs         000000018003ea50 f   sfc_mex:sfc_mex.obj
 0001:0003daf0       sf_echo_expression         000000018003eaf0 f   sfc_mex:sfc_mex.obj
 0001:0003db50       sf_assertion_failed        000000018003eb50 f   sfc_mex:sfc_mex.obj
 0001:0003de30       sf_mex_evalin              000000018003ee30 f   sfc_mex:sfc_mex.obj
 0001:0003e0a0       sf_mex_export              000000018003f0a0 f   sfc_mex:sfc_mex.obj
 0001:0003e160       sf_mex_get_ml_var_no_error 000000018003f160 f   sfc_mex:sfc_mex.obj
 0001:0003e300       sf_mex_get_ml_var          000000018003f300 f   sfc_mex:sfc_mex.obj
 0001:0003e7a0       ml_set_element_value_in_array 000000018003f7a0 f   sfc_mex:sfc_mex.obj
 0001:0003fe70       sf_mex_call_impl           0000000180040e70 f   sfc_mex:sfc_mex.obj
 0001:000403a0       sf_mex_call_debug          00000001800413a0 f   sfc_mex:sfc_mex.obj
 0001:000403d0       sf_mex_call                00000001800413d0 f   sfc_mex:sfc_mex.obj
 0001:00040a20       sf_mex_createstruct        0000000180041a20 f   sfc_mex:sfc_mex.obj
 0001:00040b10       sf_mex_createstructarray   0000000180041b10 f   sfc_mex:sfc_mex.obj
 0001:00040b90       sf_mex_get_mx_datatype_from_sf_datatype 0000000180041b90 f   sfc_mex:sfc_mex.obj
 0001:00040ea0       sf_mex_ml_var_sub          0000000180041ea0 f   sfc_mex:sfc_mex.obj
 0001:00041070       sf_mex_ml_var_subsasgn     0000000180042070 f   sfc_mex:sfc_mex.obj
 0001:00041460       sf_mex_sub                 0000000180042460 f   sfc_mex:sfc_mex.obj
 0001:00041660       sf_mex_subsasgn            0000000180042660 f   sfc_mex:sfc_mex.obj
 0001:00041b40       sf_mex_create              0000000180042b40 f   sfc_mex:sfc_mex.obj
 0001:00042590       sf_mex_import_named        0000000180043590 f   sfc_mex:sfc_mex.obj
 0001:000425f0       sf_mex_import              00000001800435f0 f   sfc_mex:sfc_mex.obj
 0001:00042640       sf_mex_import_vs           0000000180043640 f   sfc_mex:sfc_mex.obj
 0001:00042750       sf_mex_lower_fixpt_mx_array 0000000180043750 f   sfc_mex:sfc_mex.obj
 0001:00042a40       sf_send_message_wrapper    0000000180043a40 f   sfc_mex:sfc_sf.obj
 0001:00042a70       sf_receive_message_wrapper 0000000180043a70 f   sfc_mex:sfc_sf.obj
 0001:00042ab0       sf_check_out_message_wrapper 0000000180043ab0 f   sfc_mex:sfc_sf.obj
 0001:00042af0       sf_check_in_message_wrapper 0000000180043af0 f   sfc_mex:sfc_sf.obj
 0001:00042b30       sf_no_message_wrapper      0000000180043b30 f   sfc_mex:sfc_sf.obj
 0001:00042ec0       sim_mode_is_rtw_gen        0000000180043ec0 f   sfc_mex:sfc_sf.obj
 0001:00042ef0       sim_mode_is_external       0000000180043ef0 f   sfc_mex:sfc_sf.obj
 0001:00042f00       sim_mode_is_modelref_sim   0000000180043f00 f   sfc_mex:sfc_sf.obj
 0001:00042f20       mdlInitializeSizes         0000000180043f20 f   sfc_mex:sfc_sf.obj
 0001:00042f40       mdlInitializeSampleTimes   0000000180043f40 f   sfc_mex:sfc_sf.obj
 0001:00042f80       mdlZeroCrossings           0000000180043f80 f   sfc_mex:sfc_sf.obj
 0001:00043060       mdlDerivatives             0000000180044060 f   sfc_mex:sfc_sf.obj
 0001:00043110       mdl_initialize_conditions_processing 0000000180044110 f   sfc_mex:sfc_sf.obj
 0001:00043140       mdlInitializeConditions    0000000180044140 f   sfc_mex:sfc_sf.obj
 0001:00043200       mdlGetSimState             0000000180044200 f   sfc_mex:sfc_sf.obj
 0001:00043210       mdlSetSimState             0000000180044210 f   sfc_mex:sfc_sf.obj
 0001:00043220       mdl_ext_mode_exec_processing 0000000180044220 f   sfc_mex:sfc_sf.obj
 0001:00043240       mdlExtModeExec             0000000180044240 f   sfc_mex:sfc_sf.obj
 0001:000433d0       mdlTerminate               00000001800443d0 f   sfc_mex:sfc_sf.obj
 0001:00043440       mdlRTW                     0000000180044440 f   sfc_mex:sfc_sf.obj
 0001:00043470       mdlSetWorkWidths           0000000180044470 f   sfc_mex:sfc_sf.obj
 0001:00043480       mdlProcessParameters       0000000180044480 f   sfc_mex:sfc_sf.obj
 0001:00043490       mdl_start_processing       0000000180044490 f   sfc_mex:sfc_sf.obj
 0001:000434d0       mdlStart                   00000001800444d0 f   sfc_mex:sfc_sf.obj
 0001:000435c0       mdlEnable                  00000001800445c0 f   sfc_mex:sfc_sf.obj
 0001:00043690       mdlDisable                 0000000180044690 f   sfc_mex:sfc_sf.obj
 0001:00043740       sf_get_chart_instance_ptr  0000000180044740 f   sfc_mex:sfc_sf.obj
 0001:00043760       sf_load_rtw_optimization_info 0000000180044760 f   sfc_mex:sfc_sf.obj
 0001:00043830       sf_rtw_info_uint_prop      0000000180044830 f   sfc_mex:sfc_sf.obj
 0001:00043970       sf_is_chart_inlinable      0000000180044970 f   sfc_mex:sfc_sf.obj
 0001:00043990       sf_mark_output_events_with_multiple_callers 0000000180044990 f   sfc_mex:sfc_sf.obj
 0001:00043b20       sf_mark_chart_reusable_outputs 0000000180044b20 f   sfc_mex:sfc_sf.obj
 0001:00043d80       sf_mark_chart_expressionable_inputs 0000000180044d80 f   sfc_mex:sfc_sf.obj
 0001:00043fe0       sf_get_subchart_simstruct  0000000180044fe0 f   sfc_mex:sfc_sf.obj
 0001:00044030       sf_get_fixpt_data_type_id  0000000180045030 f   sfc_mex:sfc_sf.obj
 0001:00044070       sf_get_enum_data_type_id   0000000180045070 f   sfc_mex:sfc_sf.obj
 0001:000440b0       sf_get_param_data_type_id  00000001800450b0 f   sfc_mex:sfc_sf.obj
 0001:000440e0       sf_mex_listen_for_ctrl_c_force 00000001800450e0 f   sfc_mex:sfc_sf.obj
 0001:000441f0       sf_mex_draw_now            00000001800451f0 f   sfc_mex:sfc_sf.obj
 0001:00044230       sf_mex_set_debugger_sim_status_listener_fcn 0000000180045230 f   sfc_mex:sfc_sf.obj
 0001:00044240       sf_mex_listen_for_ctrl_c   0000000180045240 f   sfc_mex:sfc_sf.obj
 0001:000442d0       sf_mex_get_sfun_param      00000001800452d0 f   sfc_mex:sfc_sf.obj
 0001:00044320       sf_get_runtime_param_data  0000000180045320 f   sfc_mex:sfc_sf.obj
 0001:00044360       sf_call_output_fcn_call    0000000180045360 f   sfc_mex:sfc_sf.obj
 0001:000444a0       sf_call_output_fcn_enable  00000001800454a0 f   sfc_mex:sfc_sf.obj
 0001:00044530       sf_call_output_fcn_disable 0000000180045530 f   sfc_mex:sfc_sf.obj
 0001:000445c0       sf_clear_rtw_identifier    00000001800455c0 f   sfc_mex:sfc_sf.obj
 0001:00044db0       sf_set_encoded_dwork_info  0000000180045db0 f   sfc_mex:sfc_sf.obj
 0001:00044e00       sf_get_dwork_info_from_mat_file 0000000180045e00 f   sfc_mex:sfc_sf.obj
 0001:00044fc0       sf_set_rtw_dwork_info      0000000180045fc0 f   sfc_mex:sfc_sf.obj
 0001:00045130       mdlOutputs                 0000000180046130 f   sfc_mex:sfc_sf.obj
 0001:000452d0       sf_debug_disp              00000001800462d0 f   sfc_debug:sfcdebug.obj
 0001:00045530       sf_debug_data_runtime_size_mismatch_error_check 0000000180046530 f   sfc_debug:sfcdebug.obj
 0001:000455d0       sf_debug_try_loading_machine 00000001800465d0 f   sfc_debug:sfcdebug.obj
 0001:000456d0       sf_debug_reset_current_state_configuration 00000001800466d0 f   sfc_debug:sfcdebug.obj
 0001:00045760       sf_debug_store_current_state_configuration 0000000180046760 f   sfc_debug:sfcdebug.obj
 0001:000457f0       sf_debug_restore_previous_state_configuration 00000001800467f0 f   sfc_debug:sfcdebug.obj
 0001:00045880       sf_debug_restore_previous_state_configuration2 0000000180046880 f   sfc_debug:sfcdebug.obj
 0001:00045910       sf_debug_get_event_scope   0000000180046910 f   sfc_debug:sfcdebug.obj
 0001:00045a80       use_debugger_step_animation 0000000180046a80 f   sfc_debug:sfcdebug.obj
 0001:00045aa0       sf_debug_get_script_id     0000000180046aa0 f   sfc_debug:sfcdebug.obj
 0001:00045b30       sf_debug_set_script_translation 0000000180046b30 f   sfc_debug:sfcdebug.obj
 0001:00045cb0       sf_debug_extract_message_post_receive_info 0000000180046cb0 f   sfc_debug:sfcdebug.obj
 0001:00045db0       sf_debug_get_current_machine_id 0000000180046db0 f   sfc_debug:sfcdebug.obj
 0001:00045dd0       sf_debug_get_current_optional_integer 0000000180046dd0 f   sfc_debug:sfcdebug.obj
 0001:00045de0       sf_debug_get_current_machine_number 0000000180046de0 f   sfc_debug:sfcdebug.obj
 0001:00045e00       sf_debug_get_current_machine_name 0000000180046e00 f   sfc_debug:sfcdebug.obj
 0001:00045e20       sf_debug_get_current_chart_id 0000000180046e20 f   sfc_debug:sfcdebug.obj
 0001:00045e70       sf_debug_get_current_chart_number 0000000180046e70 f   sfc_debug:sfcdebug.obj
 0001:00045e80       sf_debug_get_current_instance_number 0000000180046e80 f   sfc_debug:sfcdebug.obj
 0001:00045e90       sf_debug_get_current_is_minor_time_step 0000000180046e90 f   sfc_debug:sfcdebug.obj
 0001:00045f10       sf_debug_get_current_object_type 0000000180046f10 f   sfc_debug:sfcdebug.obj
 0001:00045f20       sf_debug_get_current_instance_handle 0000000180046f20 f   sfc_debug:sfcdebug.obj
 0001:00045f80       sf_debug_get_current_event_type 0000000180046f80 f   sfc_debug:sfcdebug.obj
 0001:00045f90       sf_debug_get_current_object_id 0000000180046f90 f   sfc_debug:sfcdebug.obj
 0001:00045fd0       sf_debug_get_current_active_event_type 0000000180046fd0 f   sfc_debug:sfcdebug.obj
 0001:00045fe0       sf_debug_get_current_active_event_id 0000000180046fe0 f   sfc_debug:sfcdebug.obj
 0001:00046020       sf_debug_get_current_tag_type 0000000180047020 f   sfc_debug:sfcdebug.obj
 0001:00046030       sf_debug_get_current_simulation_time 0000000180047030 f   sfc_debug:sfcdebug.obj
 0001:00046040       sf_debug_get_current_coverage_percentage 0000000180047040 f   sfc_debug:sfcdebug.obj
 0001:00046050       sf_debug_current_statement_context 0000000180047050 f   sfc_debug:sfcdebug.obj
 0001:000460e0       sf_debug_get_current_statement_info 00000001800470e0 f   sfc_debug:sfcdebug.obj
 0001:00046260       sf_debug_terminate_instance 0000000180047260 f   sfc_debug:sfcdebug.obj
 0001:000465a0       sf_debug_assertion_failed  00000001800475a0 f   sfc_debug:sfcdebug.obj
 0001:00046750       sf_debug_set_number_of_data_with_change_event_for_machine 0000000180047750 f   sfc_debug:sfcdebug.obj
 0001:00046790       sf_debug_set_machine_event_thresholds 0000000180047790 f   sfc_debug:sfcdebug.obj
 0001:000467b0       sf_debug_set_machine_event_scope 00000001800477b0 f   sfc_debug:sfcdebug.obj
 0001:000467f0       sf_debug_set_machine_data_thresholds 00000001800477f0 f   sfc_debug:sfcdebug.obj
 0001:00046830       sf_debug_set_machine_data_scope 0000000180047830 f   sfc_debug:sfcdebug.obj
 0001:000468c0       sf_debug_set_machine_data_name 00000001800478c0 f   sfc_debug:sfcdebug.obj
 0001:00046960       sf_debug_set_machine_data_size 0000000180047960 f   sfc_debug:sfcdebug.obj
 0001:00046aa0       sf_debug_set_machine_data_type 0000000180047aa0 f   sfc_debug:sfcdebug.obj
 0001:00046c10       sf_debug_get_chart_data_number 0000000180047c10 f   sfc_debug:sfcdebug.obj
 0001:00046c30       sf_debug_get_chart_event_number 0000000180047c30 f   sfc_debug:sfcdebug.obj
 0001:00046c50       sf_debug_set_chart_state_info 0000000180047c50 f   sfc_debug:sfcdebug.obj
 0001:00046cd0       sf_debug_set_chart_decomposition 0000000180047cd0 f   sfc_debug:sfcdebug.obj
 0001:00046d40       sf_debug_set_chart_substate_count 0000000180047d40 f   sfc_debug:sfcdebug.obj
 0001:00046e20       sf_debug_set_chart_substate_index 0000000180047e20 f   sfc_debug:sfcdebug.obj
 0001:00046e90       sf_debug_set_chart_state_substate_count 0000000180047e90 f   sfc_debug:sfcdebug.obj
 0001:00046fa0       sf_debug_set_chart_state_substate_index 0000000180047fa0 f   sfc_debug:sfcdebug.obj
 0001:00047020       sf_debug_set_number_of_data_with_change_event_for_chart 0000000180048020 f   sfc_debug:sfcdebug.obj
 0001:000470a0       sf_debug_set_number_of_states_with_entry_event_for_chart 00000001800480a0 f   sfc_debug:sfcdebug.obj
 0001:00047110       sf_debug_set_number_of_states_with_exit_event_for_chart 0000000180048110 f   sfc_debug:sfcdebug.obj
 0001:00047180       sf_debug_set_chart_disable_implicit_casting 0000000180048180 f   sfc_debug:sfcdebug.obj
 0001:000471f0       sf_debug_set_chart_event_thresholds 00000001800481f0 f   sfc_debug:sfcdebug.obj
 0001:00047260       sf_debug_set_chart_data_compiled_props 0000000180048260 f   sfc_debug:sfcdebug.obj
 0001:000475b0       sf_debug_set_chart_data_props 00000001800485b0 f   sfc_debug:sfcdebug.obj
 0001:000478d0       sf_debug_check_fi_license  00000001800488d0 f   sfc_debug:sfcdebug.obj
 0001:00047ac0       sf_debug_symbol_scope_push 0000000180048ac0 f   sfc_debug:sfcdebug.obj
 0001:00047b00       sf_debug_symbol_scope_push_eml 0000000180048b00 f   sfc_debug:sfcdebug.obj
 0001:00047b50       sf_debug_symbol_scope_pop  0000000180048b50 f   sfc_debug:sfcdebug.obj
 0001:00047b90       sf_debug_symbol_scope_add_importable 0000000180048b90 f   sfc_debug:sfcdebug.obj
 0001:00047c10       sf_debug_symbol_scope_add  0000000180048c10 f   sfc_debug:sfcdebug.obj
 0001:00047c90       sf_debug_symbol_scope_add_dyn_importable 0000000180048c90 f   sfc_debug:sfcdebug.obj
 0001:00047d50       sf_debug_symbol_scope_add_dyn 0000000180048d50 f   sfc_debug:sfcdebug.obj
 0001:00047d80       sf_debug_symbol_scope_add_eml_importable 0000000180048d80 f   sfc_debug:sfcdebug.obj
 0001:00047dc0       sf_debug_symbol_scope_add_eml 0000000180048dc0 f   sfc_debug:sfcdebug.obj
 0001:00047e00       sf_debug_symbol_scope_add_eml_dyn_importable 0000000180048e00 f   sfc_debug:sfcdebug.obj
 0001:00047e70       sf_debug_symbol_scope_add_eml_dyn 0000000180048e70 f   sfc_debug:sfcdebug.obj
 0001:00047ed0       sf_debug_symbol_switch     0000000180048ed0 f   sfc_debug:sfcdebug.obj
 0001:00047ef0       sf_debug_symbol_scope_add_verbose 0000000180048ef0 f   sfc_debug:sfcdebug.obj
 0001:00047fc0       sf_debug_set_machine_data_value_ptr 0000000180048fc0 f   sfc_debug:sfcdebug.obj
 0001:00048000       sf_debug_set_instance_data_value_ptr 0000000180049000 f   sfc_debug:sfcdebug.obj
 0001:000480c0       sf_debug_unset_instance_data_value_ptr 00000001800490c0 f   sfc_debug:sfcdebug.obj
 0001:00048170       sf_debug_set_chart_event_scope 0000000180049170 f   sfc_debug:sfcdebug.obj
 0001:000481f0       sf_debug_set_chart_transition_coverage_maps 00000001800491f0 f   sfc_debug:sfcdebug.obj
 0001:00048300       sf_debug_set_chart_state_coverage_maps 0000000180049300 f   sfc_debug:sfcdebug.obj
 0001:000483e0       sf_debug_set_instance_transition_coverage_weights 00000001800493e0 f   sfc_debug:sfcdebug.obj
 0001:00048480       sf_debug_set_instance_state_coverage_weights 0000000180049480 f   sfc_debug:sfcdebug.obj
 0001:000486d0       sf_debug_unload_machine    00000001800496d0 f   sfc_debug:sfcdebug.obj
 0001:00048720       sf_debug_load_machine      0000000180049720 f   sfc_debug:sfcdebug.obj
 0001:00048820       sf_debug_set_active_instance_in_data_dictionary 0000000180049820 f   sfc_debug:sfcdebug.obj
 0001:00048a00       sf_debug_set_active_instance 0000000180049a00 f   sfc_debug:sfcdebug.obj
 0001:00048b40       sf_debug_chart_visiblity_change 0000000180049b40 f   sfc_debug:sfcdebug.obj
 0001:00048c20       sf_debug_select_chart      0000000180049c20 f   sfc_debug:sfcdebug.obj
 0001:00048cf0       sf_debug_set_instance_cv_ids 0000000180049cf0 f   sfc_debug:sfcdebug.obj
 0001:00049000       sf_debug_select_charts     000000018004a000 f   sfc_debug:sfcdebug.obj
 0001:00049140       sf_debug_initialized       000000018004a140 f   sfc_debug:sfcdebug.obj
 0001:00049150       sf_debug_is_uninterruptible 000000018004a150 f   sfc_debug:sfcdebug.obj
 0001:00049180       sf_debug_initialize_debugger_gui 000000018004a180 f   sfc_debug:sfcdebug.obj
 0001:00049570       sf_debug_resume            000000018004a570 f   sfc_debug:sfcdebug.obj
 0001:00049590       sf_debug_go                000000018004a590 f   sfc_debug:sfcdebug.obj
 0001:000495a0       sf_debug_break             000000018004a5a0 f   sfc_debug:sfcdebug.obj
 0001:000495b0       sf_debug_step_over         000000018004a5b0 f   sfc_debug:sfcdebug.obj
 0001:000495c0       sf_debug_step_out          000000018004a5c0 f   sfc_debug:sfcdebug.obj
 0001:000495d0       sf_debug_set_disable_all_breakpoints 000000018004a5d0 f   sfc_debug:sfcdebug.obj
 0001:000495e0       sf_debug_disable_all_breakpoints_and_go 000000018004a5e0 f   sfc_debug:sfcdebug.obj
 0001:000495f0       sf_debug_break_on_chart_entry 000000018004a5f0 f   sfc_debug:sfcdebug.obj
 0001:00049600       sf_debug_break_on_event_broadcast 000000018004a600 f   sfc_debug:sfcdebug.obj
 0001:00049610       sf_debug_break_on_state_entry 000000018004a610 f   sfc_debug:sfcdebug.obj
 0001:00049620       sf_debug_break_between_times 000000018004a620 f   sfc_debug:sfcdebug.obj
 0001:00049640       sf_debug_browse_data       000000018004a640 f   sfc_debug:sfcdebug.obj
 0001:00049660       sf_debug_watch_data        000000018004a660 f   sfc_debug:sfcdebug.obj
 0001:00049680       sf_debug_assign_data       000000018004a680 f   sfc_debug:sfcdebug.obj
 0001:000496a0       sf_debug_whos              000000018004a6a0 f   sfc_debug:sfcdebug.obj
 0001:000496c0       sf_debug_get_consistency_info 000000018004a6c0 f   sfc_debug:sfcdebug.obj
 0001:000496d0       sf_debug_browse_trace      000000018004a6d0 f   sfc_debug:sfcdebug.obj
 0001:000496e0       sf_debug_set_breakpoints   000000018004a6e0 f   sfc_debug:sfcdebug.obj
 0001:00049840       sf_debug_set_eml_breakpoints 000000018004a840 f   sfc_debug:sfcdebug.obj
 0001:000499a0       sf_debug_set_script_breakpoints 000000018004a9a0 f   sfc_debug:sfcdebug.obj
 0001:00049a20       sf_debug_add_script_breakpoints 000000018004aa20 f   sfc_debug:sfcdebug.obj
 0001:00049a90       sf_debug_clear_script_breakpoints 000000018004aa90 f   sfc_debug:sfcdebug.obj
 0001:00049b00       sf_debug_query_script_breakpoints 000000018004ab00 f   sfc_debug:sfcdebug.obj
 0001:00049bc0       sf_debug_get_eml_script_id 000000018004abc0 f   sfc_debug:sfcdebug.obj
 0001:00049c10       sf_debug_set_watch         000000018004ac10 f   sfc_debug:sfcdebug.obj
 0001:00049e40       sf_debug_get_instance_handle 000000018004ae40 f   sfc_debug:sfcdebug.obj
 0001:00049ed0       sf_debug_get_active_states 000000018004aed0 f   sfc_debug:sfcdebug.obj
 0001:00049ee0       sf_debug_get_animation     000000018004aee0 f   sfc_debug:sfcdebug.obj
 0001:00049ef0       sf_debug_set_animation     000000018004aef0 f   sfc_debug:sfcdebug.obj
 0001:00049f00       sf_debug_animate           000000018004af00 f   sfc_debug:sfcdebug.obj
 0001:00049f30       sf_debug_cycle_detection_check 000000018004af30 f   sfc_debug:sfcdebug.obj
 0001:00049f40       sf_debug_data_range_check  000000018004af40 f   sfc_debug:sfcdebug.obj
 0001:00049f50       sf_debug_transition_conflict_check 000000018004af50 f   sfc_debug:sfcdebug.obj
 0001:00049f60       sf_debug_state_consistency_check 000000018004af60 f   sfc_debug:sfcdebug.obj
 0001:00049f70       sf_debug_data_range_check_enabled 000000018004af70 f   sfc_debug:sfcdebug.obj
 0001:00049f90       sf_debug_transition_conflict_check_enabled 000000018004af90 f   sfc_debug:sfcdebug.obj
 0001:00049fb0       sf_debug_transition_conflict_check_begin 000000018004afb0 f   sfc_debug:sfcdebug.obj
 0001:00049fd0       sf_debug_transition_conflict_check_end 000000018004afd0 f   sfc_debug:sfcdebug.obj
 0001:00049ff0       sf_debug_stop_debugging    000000018004aff0 f   sfc_debug:sfcdebug.obj
 0001:0004a020       sf_debug_is_cycle_detected 000000018004b020 f   sfc_debug:sfcdebug.obj
 0001:0004a030       sf_debug_is_array_bounds_detected 000000018004b030 f   sfc_debug:sfcdebug.obj
 0001:0004a040       sf_debug_get_state_vectors_data_size 000000018004b040 f   sfc_debug:sfcdebug.obj
 0001:0004a080       sf_debug_get_state_vectors_data 000000018004b080 f   sfc_debug:sfcdebug.obj
 0001:0004a180       sf_debug_set_state_vectors_data 000000018004b180 f   sfc_debug:sfcdebug.obj
 0001:0004a440       sf_debug_get_script_index  000000018004b440 f   sfc_debug:sfcdebug.obj
 0001:0004a5d0       sf_debug_add_script        000000018004b5d0 f   sfc_debug:sfcdebug.obj
 0001:0004a760       cv_eval_point              000000018004b760 f   sfc_debug:sfcdebug.obj
 0001:0004a8d0       cv_eval_testobjective      000000018004b8d0 f   sfc_debug:sfcdebug.obj
 0001:0004a9f0       sf_debug_cv_init_state     000000018004b9f0 f   sfc_debug:sfcdebug.obj
 0001:0004ab10       sf_debug_cv_init_chart     000000018004bb10 f   sfc_debug:sfcdebug.obj
 0001:0004abf0       sf_debug_cv_init_trans     000000018004bbf0 f   sfc_debug:sfcdebug.obj
 0001:0004acf0       sf_debug_cv_init_testobjectives 000000018004bcf0 f   sfc_debug:sfcdebug.obj
 0001:0004aed0       cv_eml_init_script         000000018004bed0 f   sfc_debug:sfcdebug.obj
 0001:0004afd0       cv_eml_init_fcn            000000018004bfd0 f   sfc_debug:sfcdebug.obj
 0001:0004b080       cv_eml_init_testobjective  000000018004c080 f   sfc_debug:sfcdebug.obj
 0001:0004b150       cv_eml_init_if             000000018004c150 f   sfc_debug:sfcdebug.obj
 0001:0004b220       cv_eml_init_for            000000018004c220 f   sfc_debug:sfcdebug.obj
 0001:0004b2e0       cv_eml_init_while          000000018004c2e0 f   sfc_debug:sfcdebug.obj
 0001:0004b3a0       cv_eml_init_mcdc           000000018004c3a0 f   sfc_debug:sfcdebug.obj
 0001:0004b4b0       cv_eml_init_switch         000000018004c4b0 f   sfc_debug:sfcdebug.obj
 0001:0004b5a0       cv_eml_eval                000000018004c5a0 f   sfc_debug:sfcdebug.obj
 0001:0004b680       sf_debug_bm_is_a_eml_breakpoint 000000018004c680 f   sfc_debug:sfcdebug.obj
 0001:0004b7d0       sf_debug_temporal_threshold 000000018004c7d0 f   sfc_debug:sfcdebug.obj
 0001:0004bb30       sf_debug_transition_conflict_error 000000018004cb30 f   sfc_debug:sfcdebug.obj
 0001:0004beb0       sf_debug_state_inconsistency_error 000000018004ceb0 f   sfc_debug:sfcdebug.obj
 0001:0004bfd0       sf_debug_check_for_state_inconsistency 000000018004cfd0 f   sfc_debug:sfcdebug.obj
 0001:0004c000       sf_debug_cycle_detecton_error 000000018004d000 f   sfc_debug:sfcdebug.obj
 0001:0004c7f0       sf_debug_size_eq_check_1d  000000018004d7f0 f   sfc_debug:sfcdebug.obj
 0001:0004c810       sf_debug_size_eq_check_nd  000000018004d810 f   sfc_debug:sfcdebug.obj
 0001:0004c9f0       sf_debug_dim_size_eq_check 000000018004d9f0 f   sfc_debug:sfcdebug.obj
 0001:0004ca20       sf_debug_dim_size_geq_check 000000018004da20 f   sfc_debug:sfcdebug.obj
 0001:0004ca50       sf_debug_sub_assign_size_check_nd 000000018004da50 f   sfc_debug:sfcdebug.obj
 0001:0004cc90       sf_debug_matrix_matrix_index_check 000000018004dc90 f   sfc_debug:sfcdebug.obj
 0001:0004ccc0       sf_debug_vector_vector_index_check 000000018004dcc0 f   sfc_debug:sfcdebug.obj
 0001:0004ccf0       sf_debug_for_loop_vector_check 000000018004dcf0 f   sfc_debug:sfcdebug.obj
 0001:0004cd70       sf_debug_runtime_error_msgid 000000018004dd70 f   sfc_debug:sfcdebug.obj
 0001:0004ce00       sf_debug_data_array_bounds_error_check 000000018004de00 f   sfc_debug:sfcdebug.obj
 0001:0004cf10       sf_debug_eml_data_array_bounds_error_check 000000018004df10 f   sfc_debug:sfcdebug.obj
 0001:0004d3f0       sf_debug_integer_check     000000018004e3f0 f   sfc_debug:sfcdebug.obj
 0001:0004d4d0       sf_debug_not_nan_check     000000018004e4d0 f   sfc_debug:sfcdebug.obj
 0001:0004d590       sf_debug_non_negative_check 000000018004e590 f   sfc_debug:sfcdebug.obj
 0001:0004d650       sf_debug_overflow_detection 000000018004e650 f   sfc_debug:sfcdebug.obj
 0001:0004dd40       sf_debug_cast_to_real32_T  000000018004ed40 f   sfc_debug:sfcdebug.obj
 0001:0004de00       sf_debug_cast_to_int8_T    000000018004ee00 f   sfc_debug:sfcdebug.obj
 0001:0004dec0       sf_debug_cast_to_uint8_T   000000018004eec0 f   sfc_debug:sfcdebug.obj
 0001:0004df80       sf_debug_cast_to_int16_T   000000018004ef80 f   sfc_debug:sfcdebug.obj
 0001:0004e040       sf_debug_cast_to_uint16_T  000000018004f040 f   sfc_debug:sfcdebug.obj
 0001:0004e100       sf_debug_cast_to_int32_T   000000018004f100 f   sfc_debug:sfcdebug.obj
 0001:0004e1c0       sf_debug_cast_to_uint32_T  000000018004f1c0 f   sfc_debug:sfcdebug.obj
 0001:0004e280       sf_debug_data_range_error  000000018004f280 f   sfc_debug:sfcdebug.obj
 0001:0004e5d0       sf_debug_read_before_write_check 000000018004f5d0 f   sfc_debug:sfcdebug.obj
 0001:0004e9c0       sf_debug_data_range_error_wrapper_min_max 000000018004f9c0 f   sfc_debug:sfcdebug.obj
 0001:0004eab0       sf_debug_data_range_error_wrapper_min 000000018004fab0 f   sfc_debug:sfcdebug.obj
 0001:0004eb90       sf_debug_data_range_error_wrapper_max 000000018004fb90 f   sfc_debug:sfcdebug.obj
 0001:0004ec70       sf_debug_data_range_wrapper 000000018004fc70 f   sfc_debug:sfcdebug.obj
 0001:0004ed20       sf_debug_set_current_status_info 000000018004fd20 f   sfc_debug:sfcdebug.obj
 0001:0004f0d0       sf_debug_register_message_post_receive_info 00000001800500d0 f   sfc_debug:sfcdebug.obj
 0001:0004f340       sf_debug_call              0000000180050340 f   sfc_debug:sfcdebug.obj
 0001:00050200       sf_debug_initialize_machine 0000000180051200 f   sfc_debug:sfcdebug.obj
 0001:00050510       sf_debug_initialize_chart  0000000180051510 f   sfc_debug:sfcdebug.obj
 0001:000509f0       sf_debug_ensure_script     00000001800519f0 f   sfc_debug:sfcdebug.obj
 0001:00050ab0       cv_script_init_script      0000000180051ab0 f   sfc_debug:sfcdebug.obj
 0001:00050b90       cv_script_init_fcn         0000000180051b90 f   sfc_debug:sfcdebug.obj
 0001:00050c40       cv_script_init_testobjective 0000000180051c40 f   sfc_debug:sfcdebug.obj
 0001:00050cf0       cv_script_init_if          0000000180051cf0 f   sfc_debug:sfcdebug.obj
 0001:00050da0       cv_script_init_for         0000000180051da0 f   sfc_debug:sfcdebug.obj
 0001:00050e50       cv_script_init_while       0000000180051e50 f   sfc_debug:sfcdebug.obj
 0001:00050f00       cv_script_init_mcdc        0000000180051f00 f   sfc_debug:sfcdebug.obj
 0001:00051000       cv_script_init_switch      0000000180052000 f   sfc_debug:sfcdebug.obj
 0001:000510e0       cv_script_eval             00000001800520e0 f   sfc_debug:sfcdebug.obj
 0001:000511c0       eml_debug_line_call        00000001800521c0 f   sfc_debug:sfcdebug.obj
 0001:00051370       sf_debug_terminate         0000000180052370 f   sfc_debug:sfcdebug.obj
 0001:000514e0       sf_debug_set_script_cv_ids 00000001800524e0 f   sfc_debug:sfcdebug.obj
 0001:00051610       sf_debug_api               0000000180052610 f   sfc_debug:sfc_api.obj
 0001:00052df0       sf_debug_sm_terminate      0000000180053df0 f   sfc_debug:sfdb_animation.obj
 0001:00052fb0       sf_debug_reset_path_objects 0000000180053fb0 f   sfc_debug:sfdb_animation.obj
 0001:00053030       sf_debug_sm_reset_object_selection_status 0000000180054030 f   sfc_debug:sfdb_animation.obj
 0001:000530d0       sf_debug_sm_reset_state_buffer 00000001800540d0 f   sfc_debug:sfdb_animation.obj
 0001:000531a0       sf_debug_sm_store_state_buffer 00000001800541a0 f   sfc_debug:sfdb_animation.obj
 0001:00053220       sf_debug_sm_restore_state_buffer1 0000000180054220 f   sfc_debug:sfdb_animation.obj
 0001:00053290       sf_debug_sm_restore_state_buffer2 0000000180054290 f   sfc_debug:sfdb_animation.obj
 0001:00053300       sf_debug_sm_chart_active   0000000180054300 f   sfc_debug:sfdb_animation.obj
 0001:00053350       sf_debug_sm_select_active_objects 0000000180054350 f   sfc_debug:sfdb_animation.obj
 0001:00053800       sf_debug_sm_is_chart_active 0000000180054800 f   sfc_debug:sfdb_animation.obj
 0001:00053840       sf_debug_sm_is_state_active 0000000180054840 f   sfc_debug:sfdb_animation.obj
 0001:00053a80       sf_debug_sm_get_active_states 0000000180054a80 f   sfc_debug:sfdb_animation.obj
 0001:00054040       sf_debug_sm_initialize_instance 0000000180055040 f   sfc_debug:sfdb_animation.obj
 0001:00054290       sf_debug_sm_change_object_selection_status 0000000180055290 f   sfc_debug:sfdb_animation.obj
 0001:00054580       cv_create_interface        0000000180055580 f   sfc_debug:cv_sfinterface.obj
 0001:000548e0       cv_init_trans              00000001800558e0 f   sfc_debug:cv_sfinterface.obj
 0001:00054930       cv_init_testobjective      0000000180055930 f   sfc_debug:cv_sfinterface.obj
 0001:00054970       cv_init_state              0000000180055970 f   sfc_debug:cv_sfinterface.obj
 0001:000549e0       cv_init_chart              00000001800559e0 f   sfc_debug:cv_sfinterface.obj
 0001:00054a30       cv_dec_update_call         0000000180055a30 f   sfc_debug:cv_sfinterface.obj
 0001:00054a70       cv_cond_update_call        0000000180055a70 f   sfc_debug:cv_sfinterface.obj
 0001:00054ab0       cv_testobjective_update_call 0000000180055ab0 f   sfc_debug:cv_sfinterface.obj
 0001:00054af0       cv_sigrange_update         0000000180055af0 f   sfc_debug:cv_sfinterface.obj
 0001:00054b30       cvsf_eml_eval              0000000180055b30 f   sfc_debug:cv_sfinterface.obj
 0001:00054c10       cvsf_eml_init_script       0000000180055c10 f   sfc_debug:cv_sfinterface.obj
 0001:00054c90       cvsf_eml_init_fcn          0000000180055c90 f   sfc_debug:cv_sfinterface.obj
 0001:00054cf0       cvsf_eml_init_testobjective 0000000180055cf0 f   sfc_debug:cv_sfinterface.obj
 0001:00054d50       cvsf_eml_init_if           0000000180055d50 f   sfc_debug:cv_sfinterface.obj
 0001:00054db0       cvsf_eml_init_for          0000000180055db0 f   sfc_debug:cv_sfinterface.obj
 0001:00054e00       cvsf_eml_init_while        0000000180055e00 f   sfc_debug:cv_sfinterface.obj
 0001:00054e50       cvsf_eml_init_mcdc         0000000180055e50 f   sfc_debug:cv_sfinterface.obj
 0001:00054ee0       cvsf_eml_init_switch       0000000180055ee0 f   sfc_debug:cv_sfinterface.obj
 0001:00054f50       cvsf_script_eval           0000000180055f50 f   sfc_debug:cv_sfinterface.obj
 0001:00055030       cvsf_script_init_script    0000000180056030 f   sfc_debug:cv_sfinterface.obj
 0001:000550b0       cvsf_script_init_fcn       00000001800560b0 f   sfc_debug:cv_sfinterface.obj
 0001:00055110       cvsf_script_init_testobjective 0000000180056110 f   sfc_debug:cv_sfinterface.obj
 0001:00055170       cvsf_script_init_if        0000000180056170 f   sfc_debug:cv_sfinterface.obj
 0001:000551d0       cvsf_script_init_for       00000001800561d0 f   sfc_debug:cv_sfinterface.obj
 0001:00055220       cvsf_script_init_while     0000000180056220 f   sfc_debug:cv_sfinterface.obj
 0001:00055270       cvsf_script_init_mcdc      0000000180056270 f   sfc_debug:cv_sfinterface.obj
 0001:00055300       cvsf_script_init_switch    0000000180056300 f   sfc_debug:cv_sfinterface.obj
 0001:00055370       cv_destroy_interface       0000000180056370 f   sfc_debug:cv_sfinterface.obj
 0001:00055390       cv_create_instance_objects 0000000180056390 f   sfc_debug:cv_sfinterface.obj
 0001:00055840       cv_is_enabled              0000000180056840 f   sfc_debug:cv_sfinterface.obj
 0001:00055850       sf_debug_cv_initialize_script 0000000180056850 f   sfc_debug:cv_sfinterface.obj
 0001:00055a00       sf_debug_cv_initialize_instance 0000000180056a00 f   sfc_debug:cv_sfinterface.obj
 0001:00055da0       sf_debug_cv_terminate_chart 0000000180056da0 f   sfc_debug:cv_sfinterface.obj
 0001:00055ee0       cv_call_trans_test         0000000180056ee0 f   sfc_debug:cv_sfinterface.obj
 0001:00055ef0       cv_call_sub_cond_test      0000000180056ef0 f   sfc_debug:cv_sfinterface.obj
 0001:00055f30       sf_debug_st_initialize_machine 0000000180056f30 f   sfc_debug:sfdb_data_browse.obj
 0001:00055ff0       sf_debug_st_initialize_instance 0000000180056ff0 f   sfc_debug:sfdb_data_browse.obj
 0001:00056220       sf_debug_st_terminate      0000000180057220 f   sfc_debug:sfdb_data_browse.obj
 0001:000565c0       sf_debug_st_set_data_value_ptr_in_machine 00000001800575c0 f   sfc_debug:sfdb_data_browse.obj
 0001:00056650       sf_debug_st_set_data_value_ptr_in_instance 0000000180057650 f   sfc_debug:sfdb_data_browse.obj
 0001:00056730       sf_debug_st_unset_data_value_ptr_in_machine 0000000180057730 f   sfc_debug:sfdb_data_browse.obj
 0001:000567a0       sf_debug_st_unset_data_value_ptr_in_instance 00000001800577a0 f   sfc_debug:sfdb_data_browse.obj
 0001:00056ab0       sf_debug_mx_value          0000000180057ab0 f   sfc_debug:sfdb_data_browse.obj
 0001:00056b10       sf_debug_mx_packed_vector  0000000180057b10 f   sfc_debug:sfdb_data_browse.obj
 0001:00056bf0       sf_debug_mx_uint_vector    0000000180057bf0 f   sfc_debug:sfdb_data_browse.obj
 0001:00056cb0       sf_debug_st_get_double_value_from_void_ptr_vector 0000000180057cb0 f   sfc_debug:sfdb_data_browse.obj
 0001:000577a0       sf_debug_st_browse_data    00000001800587a0 f   sfc_debug:sfdb_data_browse.obj
 0001:00058030       sf_debug_hm_initialize_instance 0000000180059030 f   sfc_debug:sfdb_handle_management.obj
 0001:000585b0       sf_debug_hm_get_object_id  00000001800595b0 f   sfc_debug:sfdb_handle_management.obj
 0001:0005a520       sf_debug_object_is_eml_function 000000018005b520 f   sfc_debug:sfdb_handle_management.obj
 0001:0005a590       sf_debug_hm_initialize_ids_in_machine 000000018005b590 f   sfc_debug:sfdb_handle_management.obj
 0001:0005a700       sf_debug_hm_initialize_ids_in_chart 000000018005b700 f   sfc_debug:sfdb_handle_management.obj
 0001:0005a840       sf_debug_hm_initialize_chart 000000018005b840 f   sfc_debug:sfdb_handle_management.obj
 0001:0005aff0       sf_debug_hm_terminate      000000018005bff0 f   sfc_debug:sfdb_handle_management.obj
 0001:0005b050       sf_debug_hm_initialize_machine 000000018005c050 f   sfc_debug:sfdb_handle_management.obj
 0001:0005b800       sf_debug_ss_initialize     000000018005c800 f   sfc_debug:sfdb_symbol_scope.obj
 0001:0005b820       sf_debug_ss_terminate      000000018005c820 f   sfc_debug:sfdb_symbol_scope.obj
 0001:0005b8b0       sf_debug_ss_push_symbol_scope 000000018005c8b0 f   sfc_debug:sfdb_symbol_scope.obj
 0001:0005b9b0       sf_debug_ss_push_symbol_scope_eml 000000018005c9b0 f   sfc_debug:sfdb_symbol_scope.obj
 0001:0005ba10       sf_debug_ss_pop_symbol_scope 000000018005ca10 f   sfc_debug:sfdb_symbol_scope.obj
 0001:0005bac0       sf_debug_ss_add_symbol     000000018005cac0 f   sfc_debug:sfdb_symbol_scope.obj
 0001:0005bc20       sf_debug_ss_add_symbol_eml 000000018005cc20 f   sfc_debug:sfdb_symbol_scope.obj
 0001:0005c900       sf_debug_ss_set_data_value 000000018005d900 f   sfc_debug:sfdb_symbol_scope.obj
 0001:0005cda0       sf_debug_ss_watch_data     000000018005dda0 f   sfc_debug:sfdb_symbol_scope.obj
 0001:0005ce40       sf_debug_ss_assign_data    000000018005de40 f   sfc_debug:sfdb_symbol_scope.obj
 0001:0005d840       get_data_entry_name        000000018005e840 f   sfc_debug:sfdb_symbol_scope.obj
 0001:0005d890       sf_debug_ss_whos           000000018005e890 f   sfc_debug:sfdb_symbol_scope.obj
 0001:0005dfa0       sf_debug_cc_initialize_chart 000000018005efa0 f   sfc_debug:sfdb_coverage.obj
 0001:0005e990       sf_debug_cc_initialize_instance 000000018005f990 f   sfc_debug:sfdb_coverage.obj
 0001:0005f790       sf_debug_cc_terminate      0000000180060790 f   sfc_debug:sfdb_coverage.obj
 0001:0005f880       sf_debug_cc_set_transition_maps 0000000180060880 f   sfc_debug:sfdb_coverage.obj
 0001:0005f9b0       sf_debug_cc_set_state_maps 00000001800609b0 f   sfc_debug:sfdb_coverage.obj
 0001:0005fa90       sf_debug_cc_set_transition_weights 0000000180060a90 f   sfc_debug:sfdb_coverage.obj
 0001:0005fd60       sf_debug_cc_set_state_weights 0000000180060d60 f   sfc_debug:sfdb_coverage.obj
 0001:00060030       sf_debug_cc_mark_transition_guard 0000000180061030 f   sfc_debug:sfdb_coverage.obj
 0001:000600c0       sf_debug_cc_mark_transition_trigger 00000001800610c0 f   sfc_debug:sfdb_coverage.obj
 0001:00060150       sf_debug_cc_mark_transition_decision 0000000180061150 f   sfc_debug:sfdb_coverage.obj
 0001:000601c0       sf_debug_cc_mark_transition_condition_action 00000001800611c0 f   sfc_debug:sfdb_coverage.obj
 0001:00060210       sf_debug_cc_mark_transition_transition_action 0000000180061210 f   sfc_debug:sfdb_coverage.obj
 0001:00060260       sf_debug_cc_mark_state_entry 0000000180061260 f   sfc_debug:sfdb_coverage.obj
 0001:000602b0       sf_debug_cc_mark_state_during 00000001800612b0 f   sfc_debug:sfdb_coverage.obj
 0001:00060300       sf_debug_cc_mark_state_exit 0000000180061300 f   sfc_debug:sfdb_coverage.obj
 0001:00060350       sf_debug_bm_clear_script_breakpoints 0000000180061350 f   sfc_debug:sfdb_breakpoints.obj
 0001:00060380       sf_debug_bm_set_script_breakpoint 0000000180061380 f   sfc_debug:sfdb_breakpoints.obj
 0001:00060400       sf_debug_bm_clear_single_script_breakpoint 0000000180061400 f   sfc_debug:sfdb_breakpoints.obj
 0001:00060480       sf_debug_bm_query_script_breakpoint 0000000180061480 f   sfc_debug:sfdb_breakpoints.obj
 0001:000604d0       sf_debug_bm_initialize_scripts 00000001800614d0 f   sfc_debug:sfdb_breakpoints.obj
 0001:00060bf0       sf_debug_bm_terminate      0000000180061bf0 f   sfc_debug:sfdb_breakpoints.obj
 0001:00060ee0       sf_debug_bm_remove_all_breakpoints_in_machine 0000000180061ee0 f   sfc_debug:sfdb_breakpoints.obj
 0001:00060f50       sf_debug_bm_remove_all_breakpoints_in_chart 0000000180061f50 f   sfc_debug:sfdb_breakpoints.obj
 0001:000610a0       sf_debug_bm_initialize_global_breakpoints 00000001800620a0 f   sfc_debug:sfdb_breakpoints.obj
 0001:00061220       sf_debug_bm_set_breakpoint 0000000180062220 f   sfc_debug:sfdb_breakpoints.obj
 0001:00061850       sf_debug_bm_set_eml_breakpoint 0000000180062850 f   sfc_debug:sfdb_breakpoints.obj
 0001:000618f0       sf_debug_bm_initialize_machine_breakpoint_map 00000001800628f0 f   sfc_debug:sfdb_breakpoints.obj
 0001:00061d10       sf_debug_bm_is_a_breakpoint 0000000180062d10 f   sfc_debug:sfdb_breakpoints.obj
 0001:00062230       sf_debug_bm_get_all_breakpoints_in_machine 0000000180063230 f   sfc_debug:sfdb_breakpoints.obj
 0001:00062530       sf_debug_bm_get_all_breakpoints_in_chart 0000000180063530 f   sfc_debug:sfdb_breakpoints.obj
 0001:000631f0       sf_debug_bm_initialize_machine 00000001800641f0 f   sfc_debug:sfdb_breakpoints.obj
 0001:000632c0       sf_debug_bm_initialize_chart 00000001800642c0 f   sfc_debug:sfdb_breakpoints.obj
 0001:000636e0       sf_debug_sc_terminate      00000001800646e0 f   sfc_debug:sfdb_state_consistency.obj
 0001:00063a10       sf_debug_sc_is_chart_consistent 0000000180064a10 f   sfc_debug:sfdb_state_consistency.obj
 0001:00063cc0       sf_debug_sc_get_consistency_error_info 0000000180064cc0 f   sfc_debug:sfdb_state_consistency.obj
 0001:00064110       sf_debug_tm_terminate      0000000180065110 f   sfc_debug:sfdb_call_stack.obj
 0001:000641d0       sf_debug_tm_push_chart_instance 00000001800651d0 f   sfc_debug:sfdb_call_stack.obj
 0001:00064320       sf_debug_tm_pop_chart_instance 0000000180065320 f   sfc_debug:sfdb_call_stack.obj
 0001:00064380       sf_debug_tm_push_trace_node 0000000180065380 f   sfc_debug:sfdb_call_stack.obj
 0001:00064510       sf_debug_tm_pop_trace_node 0000000180065510 f   sfc_debug:sfdb_call_stack.obj
 0001:00064590       sf_debug_tm_get_current_global_trace_index 0000000180065590 f   sfc_debug:sfdb_call_stack.obj
 0001:000645a0       sf_debug_tm_get_current_local_trace_index 00000001800655a0 f   sfc_debug:sfdb_call_stack.obj
 0001:000645d0       sf_debug_tm_set_cycle_detected_flag 00000001800655d0 f   sfc_debug:sfdb_call_stack.obj
 0001:00064610       sf_debug_tm_set_cycle_started_flag 0000000180065610 f   sfc_debug:sfdb_call_stack.obj
 0001:00064650       sf_debug_tm_get_chart_number_from_stack 0000000180065650 f   sfc_debug:sfdb_call_stack.obj
 0001:00064850       sf_debug_tm_browse_trace   0000000180065850 f   sfc_debug:sfdb_call_stack.obj
 0001:00064b90       sf_debug_cd_initialize_instance 0000000180065b90 f   sfc_debug:sfdb_cycle_detection.obj
 0001:00064e40       sf_debug_cd_mark_processed_transition_in_instance 0000000180065e40 f   sfc_debug:sfdb_cycle_detection.obj
 0001:00064ee0       sf_debug_cd_checksum_push  0000000180065ee0 f   sfc_debug:sfdb_cycle_detection.obj
 0001:000651a0       sf_debug_cd_checksum_pop   00000001800661a0 f   sfc_debug:sfdb_cycle_detection.obj
 0001:00065210       sf_debug_cd_turn_off_cycle_detection 0000000180066210 f   sfc_debug:sfdb_cycle_detection.obj
 0001:00065260       sf_debug_cd_terminate      0000000180066260 f   sfc_debug:sfdb_cycle_detection.obj
 0001:000654a0       md5_initialize_state       00000001800664a0 f   sfc_debug:ckmd5.obj
 0001:00065f10       md5_update_state           0000000180066f10 f   sfc_debug:ckmd5.obj
 0001:00065f30       md5_get_hash               0000000180066f30 f   sfc_debug:ckmd5.obj
 0001:00065f60       md5_get_hash_for_a_single_string 0000000180066f60 f   sfc_debug:ckmd5.obj
 0001:00065fc4       mxGetPr                    0000000180066fc4 f   libmx:libmx.dll
 0001:00065fca       mxCreateDoubleScalar       0000000180066fca f   libmx:libmx.dll
 0001:00065fd0       mxCreateDoubleMatrix_730   0000000180066fd0 f   libmx:libmx.dll
 0001:00065fd6       mxSetField_730             0000000180066fd6 f   libmx:libmx.dll
 0001:00065fdc       mxCreateString             0000000180066fdc f   libmx:libmx.dll
 0001:00065fe2       mxCreateStructMatrix_730   0000000180066fe2 f   libmx:libmx.dll
 0001:00065fe8       mxDestroyArray             0000000180066fe8 f   libmx:libmx.dll
 0001:00065fee       mxDuplicateArray           0000000180066fee f   libmx:libmx.dll
 0001:00065ff4       mxGetString_730            0000000180066ff4 f   libmx:libmx.dll
 0001:00065ffa       mxIsChar                   0000000180066ffa f   libmx:libmx.dll
 0001:00066000       mxGetClassID               0000000180067000 f   libmx:libmx.dll
 0001:00066006       mxIsNumeric                0000000180067006 f   libmx:libmx.dll
 0001:0006600c       mxIsComplex                000000018006700c f   libmx:libmx.dll
 0001:00066012       mxGetN                     0000000180067012 f   libmx:libmx.dll
 0001:00066018       mxGetM                     0000000180067018 f   libmx:libmx.dll
 0001:0006601e       mxCalloc                   000000018006701e f   libmx:libmx.dll
 0001:00066024       mxGetScalar                0000000180067024 f   libmx:libmx.dll
 0001:0006602a       mxIsLogical                000000018006702a f   libmx:libmx.dll
 0001:00066030       mxCreateDoubleMatrix_700   0000000180067030 f   libmx:libmx.dll
 0001:00066036       mxFree                     0000000180067036 f   libmx:libmx.dll
 0001:0006603c       mxArrayToString            000000018006703c f   libmx:libmx.dll
 0001:00066042       mxCreateCellMatrix_700     0000000180067042 f   libmx:libmx.dll
 0001:00066048       mxSetCell_700              0000000180067048 f   libmx:libmx.dll
 0001:0006604e       mxGetCell_700              000000018006704e f   libmx:libmx.dll
 0001:00066054       mxGetClassName             0000000180067054 f   libmx:libmx.dll
 0001:0006605a       mxSetField_700             000000018006705a f   libmx:libmx.dll
 0001:00066060       mxAddField                 0000000180067060 f   libmx:libmx.dll
 0001:00066066       mxGetField_700             0000000180067066 f   libmx:libmx.dll
 0001:0006606c       mxGetNumberOfElements      000000018006706c f   libmx:libmx.dll
 0001:00066072       mxIsStruct                 0000000180067072 f   libmx:libmx.dll
 0001:00066078       mxIsA                      0000000180067078 f   libmx:libmx.dll
 0001:0006607e       mxIsClass                  000000018006707e f   libmx:libmx.dll
 0001:00066084       mxGetLogicals              0000000180067084 f   libmx:libmx.dll
 0001:0006608a       mxIsSparse                 000000018006708a f   libmx:libmx.dll
 0001:00066090       mxSetFieldByNumber_700     0000000180067090 f   libmx:libmx.dll
 0001:00066096       mxGetFieldByNumber_700     0000000180067096 f   libmx:libmx.dll
 0001:0006609c       mxGetFieldNameByNumber     000000018006709c f   libmx:libmx.dll
 0001:000660a2       mxGetNumberOfFields        00000001800670a2 f   libmx:libmx.dll
 0001:000660a8       mxCreateStructMatrix_700   00000001800670a8 f   libmx:libmx.dll
 0001:000660ae       mxGetFieldNumber           00000001800670ae f   libmx:libmx.dll
 0001:000660b4       mxIsNaN                    00000001800670b4 f   libmx:libmx.dll
 0001:000660ba       mxIsEmpty                  00000001800670ba f   libmx:libmx.dll
 0001:000660c0       mxGetData                  00000001800670c0 f   libmx:libmx.dll
 0001:000660c6       mxGetImagData              00000001800670c6 f   libmx:libmx.dll
 0001:000660cc       mxArrayClassIDName         00000001800670cc f   libmx:libmx.dll
 0001:000660d2       mxCreateNumericMatrix_700  00000001800670d2 f   libmx:libmx.dll
 0001:000660d8       mxCreateStructArray_700    00000001800670d8 f   libmx:libmx.dll
 0001:000660de       mxCalcSingleSubscript_700  00000001800670de f   libmx:libmx.dll
 0001:000660e4       mxGetDimensions_700        00000001800670e4 f   libmx:libmx.dll
 0001:000660ea       mxGetNumberOfDimensions_700 00000001800670ea f   libmx:libmx.dll
 0001:000660f0       mxCreateNumericArray_700   00000001800670f0 f   libmx:libmx.dll
 0001:000660f6       mxGetElementSize           00000001800670f6 f   libmx:libmx.dll
 0001:000660fc       mxCreateStringFromNChars_700 00000001800670fc f   libmx:libmx.dll
 0001:00066102       mxGetString_700            0000000180067102 f   libmx:libmx.dll
 0001:00066108       mxIsLogicalScalarTrue      0000000180067108 f   libmx:libmx.dll
 0001:0006610e       mxCreateLogicalScalar      000000018006710e f   libmx:libmx.dll
 0001:00066114       mexUnlock                  0000000180067114 f   libmex:libmex.dll
 0001:0006611a       mexIsLocked                000000018006711a f   libmex:libmex.dll
 0001:00066120       mexWarnMsgTxt              0000000180067120 f   libmex:libmex.dll
 0001:00066126       mexCallMATLAB              0000000180067126 f   libmex:libmex.dll
 0001:0006612c       mexErrMsgTxt               000000018006712c f   libmex:libmex.dll
 0001:00066132       mexMakeArrayPersistent     0000000180067132 f   libmex:libmex.dll
 0001:00066138       mexSetTrapFlag             0000000180067138 f   libmex:libmex.dll
 0001:0006613e       mexPutVariable             000000018006713e f   libmex:libmex.dll
 0001:00066144       mexGetVariable             0000000180067144 f   libmex:libmex.dll
 0001:0006614a       mexLock                    000000018006714a f   libmex:libmex.dll
 0001:00066150       mexMakeMemoryPersistent    0000000180067150 f   libmex:libmex.dll
 0001:00066156       mexFunctionName            0000000180067156 f   libmex:libmex.dll
 0001:0006615c       ssRegisterDataTypeFxpFSlopeFixExpBias 000000018006715c f   libfixedpoint:libfixedpoint.dll
 0001:00066162       utVSNprintf                0000000180067162 f   libut:libut.dll
 0001:00066168       utCPUtime                  0000000180067168 f   libut:libut.dll
 0001:0006616e       utFree                     000000018006716e f   libut:libut.dll
 0001:00066174       utMalloc                   0000000180067174 f   libut:libut.dll
 0001:0006617a       muDoubleScalarIsNaN        000000018006717a f   libmwmathutil:libmwmathutil.dll
 0001:00066180       muDoubleScalarRound        0000000180067180 f   libmwmathutil:libmwmathutil.dll
 0001:00066186       muDoubleScalarPower        0000000180067186 f   libmwmathutil:libmwmathutil.dll
 0001:0006618c       emlrtCheckBuiltInCtxR2011a 000000018006718c f   libemlrt:libemlrt.dll
 0001:00066192       emlrtCheckVsBuiltInCtxR2011a 0000000180067192 f   libemlrt:libemlrt.dll
 0001:00066198       emlrtCheckEnumR2009a       0000000180067198 f   libemlrt:libemlrt.dll
 0001:0006619e       emlrtCreateEnumR2010a      000000018006719e f   libemlrt:libemlrt.dll
 0001:000661a4       emlrtGetEnumElementR2009a  00000001800671a4 f   libemlrt:libemlrt.dll
 0001:000661aa       emlrtCreateReference       00000001800671aa f   libemlrt:libemlrt.dll
 0001:000661b0       emlrtImportVsFiArrayR2009b 00000001800671b0 f   libemlrt:libemlrt.dll
 0001:000661b6       emlrtNameCapturePostProcessR2012a 00000001800671b6 f   libemlrt:libemlrt.dll
 0001:000661bc       emlrtExtractMessageId      00000001800671bc f   libemlrt:libemlrt.dll
 0001:000661c2       emlrtTranslateMessageIDtoLCPstring 00000001800671c2 f   libemlrt:libemlrt.dll
 0001:000661c8       emlrtForLoopVectorIsValidR2011b 00000001800671c8 f   libemlrt:libemlrt.dll
 0001:000661ce       emlrtTranslateUTF16MessagetoLCPstring 00000001800671ce f   libemlrt:libemlrt.dll
 0001:000661d4       emlrtGetEnumUnderlyingArrayR2009a 00000001800671d4 f   libemlrt:libemlrt.dll
 0001:000661da       emlrtIsEnumR2009a          00000001800671da f   libemlrt:libemlrt.dll
 0001:000661e0       memset                     00000001800671e0 f   MSVCRT:MSVCR100.dll
 0001:000661e6       malloc                     00000001800671e6 f   MSVCRT:MSVCR100.dll
 0001:000661ec       __GSHandlerCheckCommon     00000001800671ec f   MSVCRT:gshandler.obj
 0001:00066250       __GSHandlerCheck           0000000180067250 f   MSVCRT:gshandler.obj
 0001:00066280       __security_check_cookie    0000000180067280 f   MSVCRT:amdsecgs.obj
 0001:000662a0       free                       00000001800672a0 f   MSVCRT:MSVCR100.dll
 0001:000662a6       strlen                     00000001800672a6 f   MSVCRT:MSVCR100.dll
 0001:000662ac       strcmp                     00000001800672ac f   MSVCRT:MSVCR100.dll
 0001:000662b2       sprintf                    00000001800672b2 f   MSVCRT:MSVCR100.dll
 0001:000662b8       strcat                     00000001800672b8 f   MSVCRT:MSVCR100.dll
 0001:000662be       memcpy                     00000001800672be f   MSVCRT:MSVCR100.dll
 0001:000662c4       NtCurrentTeb               00000001800672c4 f i MSVCRT:crtdll.obj
 0001:00066330       _CRT_INIT                  0000000180067330 f   MSVCRT:crtdll.obj
 0001:000666c8       _DllMainCRTStartup         00000001800676c8 f   MSVCRT:crtdll.obj
 0001:00066706       strncpy                    0000000180067706 f   MSVCRT:MSVCR100.dll
 0001:00066720       _alloca_probe              0000000180067720     MSVCRT:chkstk.obj
 0001:00066720       __chkstk                   0000000180067720 f   MSVCRT:chkstk.obj
 0001:0006676e       longjmp                    000000018006776e f   MSVCRT:MSVCR100.dll
 0001:00066774       strncmp                    0000000180067774 f   MSVCRT:MSVCR100.dll
 0001:0006677a       ceil                       000000018006777a f   MSVCRT:MSVCR100.dll
 0001:00066780       strrchr                    0000000180067780 f   MSVCRT:MSVCR100.dll
 0001:00066786       _setjmp                    0000000180067786 f   MSVCRT:MSVCR100.dll
 0001:0006678c       calloc                     000000018006778c f   MSVCRT:MSVCR100.dll
 0001:00066792       realloc                    0000000180067792 f   MSVCRT:MSVCR100.dll
 0001:00066798       ldexp                      0000000180067798 f   MSVCRT:MSVCR100.dll
 0001:000667a0       __report_gsfailure         00000001800677a0 f   MSVCRT:gs_report.obj
 0001:000668ec       __clean_type_info_names    00000001800678ec f   MSVCRT:tncleanup.obj
 0001:000668f8       _onexit                    00000001800678f8 f   MSVCRT:atonexit.obj
 0001:000669a8       atexit                     00000001800679a8 f   MSVCRT:atonexit.obj
 0001:000669c0       _RTC_Initialize            00000001800679c0 f   MSVCRT:_initsect_.obj
 0001:000669f8       _RTC_Terminate             00000001800679f8 f   MSVCRT:_initsect_.obj
 0001:00066a30       _malloc_crt                0000000180067a30 f   MSVCRT:MSVCR100.dll
 0001:00066a40       _ValidateImageBase         0000000180067a40 f   MSVCRT:pesect.obj
 0001:00066a70       _FindPESection             0000000180067a70 f   MSVCRT:pesect.obj
 0001:00066ac0       _IsNonwritableInCurrentImage 0000000180067ac0 f   MSVCRT:pesect.obj
 0001:00066b02       _initterm                  0000000180067b02 f   MSVCRT:MSVCR100.dll
 0001:00066b08       _initterm_e                0000000180067b08 f   MSVCRT:MSVCR100.dll
 0001:00066b0e       _encoded_null              0000000180067b0e f   MSVCRT:MSVCR100.dll
 0001:00066b14       _amsg_exit                 0000000180067b14 f   MSVCRT:MSVCR100.dll
 0001:00066b1a       __C_specific_handler       0000000180067b1a f   MSVCRT:MSVCR100.dll
 0001:00066b20       __CppXcptFilter            0000000180067b20 f   MSVCRT:MSVCR100.dll
 0001:00066b28       DllMain                    0000000180067b28 f   MSVCRT:dllmain.obj
 0001:00066b4c       __security_init_cookie     0000000180067b4c f   MSVCRT:gs_support.obj
 0001:00066c00       __crt_debugger_hook        0000000180067c00 f   MSVCRT:MSVCR100.dll
 0001:00066c06       __clean_type_info_names_internal 0000000180067c06 f   MSVCRT:MSVCR100.dll
 0001:00066c0c       _unlock                    0000000180067c0c f   MSVCRT:MSVCR100.dll
 0001:00066c12       __dllonexit                0000000180067c12 f   MSVCRT:MSVCR100.dll
 0001:00066c18       _lock                      0000000180067c18 f   MSVCRT:MSVCR100.dll
 0001:00066c1e       EncodePointer              0000000180067c1e f   kernel32:KERNEL32.dll
 0001:00066c24       DecodePointer              0000000180067c24 f   kernel32:KERNEL32.dll
 0001:00066c2a       Sleep                      0000000180067c2a f   kernel32:KERNEL32.dll
 0001:00066c30       TerminateProcess           0000000180067c30 f   kernel32:KERNEL32.dll
 0001:00066c36       GetCurrentProcess          0000000180067c36 f   kernel32:KERNEL32.dll
 0001:00066c3c       UnhandledExceptionFilter   0000000180067c3c f   kernel32:KERNEL32.dll
 0001:00066c42       SetUnhandledExceptionFilter 0000000180067c42 f   kernel32:KERNEL32.dll
 0001:00066c48       IsDebuggerPresent          0000000180067c48 f   kernel32:KERNEL32.dll
 0001:00066c4e       RtlVirtualUnwind           0000000180067c4e f   kernel32:KERNEL32.dll
 0001:00066c54       RtlLookupFunctionEntry     0000000180067c54 f   kernel32:KERNEL32.dll
 0001:00066c5a       RtlCaptureContext          0000000180067c5a f   kernel32:KERNEL32.dll
 0001:00066c60       DisableThreadLibraryCalls  0000000180067c60 f   kernel32:KERNEL32.dll
 0001:00066c66       QueryPerformanceCounter    0000000180067c66 f   kernel32:KERNEL32.dll
 0001:00066c6c       GetTickCount               0000000180067c6c f   kernel32:KERNEL32.dll
 0001:00066c72       GetCurrentThreadId         0000000180067c72 f   kernel32:KERNEL32.dll
 0001:00066c78       GetCurrentProcessId        0000000180067c78 f   kernel32:KERNEL32.dll
 0001:00066c7e       GetSystemTimeAsFileTime    0000000180067c7e f   kernel32:KERNEL32.dll
 0002:00000000       __imp_DisableThreadLibraryCalls 0000000180068000     kernel32:KERNEL32.dll
 0002:00000008       __imp_RtlCaptureContext    0000000180068008     kernel32:KERNEL32.dll
 0002:00000010       __imp_RtlLookupFunctionEntry 0000000180068010     kernel32:KERNEL32.dll
 0002:00000018       __imp_RtlVirtualUnwind     0000000180068018     kernel32:KERNEL32.dll
 0002:00000020       __imp_IsDebuggerPresent    0000000180068020     kernel32:KERNEL32.dll
 0002:00000028       __imp_SetUnhandledExceptionFilter 0000000180068028     kernel32:KERNEL32.dll
 0002:00000030       __imp_UnhandledExceptionFilter 0000000180068030     kernel32:KERNEL32.dll
 0002:00000038       __imp_GetCurrentProcess    0000000180068038     kernel32:KERNEL32.dll
 0002:00000040       __imp_TerminateProcess     0000000180068040     kernel32:KERNEL32.dll
 0002:00000048       __imp_Sleep                0000000180068048     kernel32:KERNEL32.dll
 0002:00000050       __imp_DecodePointer        0000000180068050     kernel32:KERNEL32.dll
 0002:00000058       __imp_EncodePointer        0000000180068058     kernel32:KERNEL32.dll
 0002:00000060       __imp_GetTickCount         0000000180068060     kernel32:KERNEL32.dll
[...]
 0001:0003e340       sf_numeric_value_to_double 000000018003f340 f   sfc_mex:sfc_mex.obj
 0001:0003e390       ml_generic_out_of_bounds_check 000000018003f390 f   sfc_mex:sfc_mex.obj
 0001:0003e560       ml_get_element_value_from_array 000000018003f560 f   sfc_mex:sfc_mex.obj
 0001:0003e900       _ml_generic_castability_check 000000018003f900 f   sfc_mex:sfc_mex.obj
 0001:0003f660       ml_generic_castability_check 0000000180040660 f   sfc_mex:sfc_mex.obj
 0001:0003f700       ml_check_mx_array_for_single_castability 0000000180040700 f   sfc_mex:sfc_mex.obj
 0001:0003f7a0       ml_check_mx_array_for_logical_castability 00000001800407a0 f   sfc_mex:sfc_mex.obj
 0001:0003f840       ml_check_mx_array_for_int8_castability 0000000180040840 f   sfc_mex:sfc_mex.obj
 0001:0003f8f0       ml_check_mx_array_for_uint8_castability 00000001800408f0 f   sfc_mex:sfc_mex.obj
 0001:0003f950       ml_check_mx_array_for_int16_castability 0000000180040950 f   sfc_mex:sfc_mex.obj
 0001:0003f9b0       ml_check_mx_array_for_uint16_castability 00000001800409b0 f   sfc_mex:sfc_mex.obj
 0001:0003fa10       ml_check_mx_array_for_int32_castability 0000000180040a10 f   sfc_mex:sfc_mex.obj
 0001:0003fa70       ml_check_mx_array_for_uint32_castability 0000000180040a70 f   sfc_mex:sfc_mex.obj
 0001:0003fad0       ml_check_mx_array_for_castability 0000000180040ad0 f   sfc_mex:sfc_mex.obj
 0001:00040400       set_data_value             0000000180041400 f   sfc_mex:sfc_mex.obj
 0001:00040770       get_data_value             0000000180041770 f   sfc_mex:sfc_mex.obj
 0001:00040880       get_next_element_address   0000000180041880 f   sfc_mex:sfc_mex.obj
 0001:00040950       sf_normalize_index         0000000180041950 f   sfc_mex:sfc_mex.obj
 0001:00040ce0       ml_array_index_bound_check 0000000180041ce0 f   sfc_mex:sfc_mex.obj
 0001:00041800       mx_value                   0000000180042800 f   sfc_mex:sfc_mex.obj
 0001:00041850       sf_create_numeric_array    0000000180042850 f   sfc_mex:sfc_mex.obj
 0001:000418f0       sf_mex_assign_to_mx_array  00000001800428f0 f   sfc_mex:sfc_mex.obj
 0001:00041c40       assign_from_mx_array       0000000180042c40 f   sfc_mex:sfc_mex.obj
 0001:00042470       sf_mex_import_v            0000000180043470 f   sfc_mex:sfc_mex.obj
 0001:00042b70       get_machine_and_chart_file_number 0000000180043b70 f   sfc_mex:sfc_sf.obj
 0001:00042c60       get_sfun_block_specialization 0000000180043c60 f   sfc_mex:sfc_sf.obj
 0001:00042d10       call_sf_machine_global_method_dispatcher 0000000180043d10 f   sfc_mex:sfc_sf.obj
 0001:00042f60       mdl_zeroCrossings_processing 0000000180043f60 f   sfc_mex:sfc_sf.obj
 0001:00043030       mdl_derivatives_processing 0000000180044030 f   sfc_mex:sfc_sf.obj
 0001:000432f0       mdl_outputs_continuous_legacy 00000001800442f0 f   sfc_mex:sfc_sf.obj
 0001:00043370       mdl_outputs_processing     0000000180044370 f   sfc_mex:sfc_sf.obj
 0001:000435a0       mdl_enable_processing      00000001800445a0 f   sfc_mex:sfc_sf.obj
 0001:00043670       mdl_disable_processing     0000000180044670 f   sfc_mex:sfc_sf.obj
 0001:000443e0       sf_call_output_fcn_enable_disable 00000001800453e0 f   sfc_mex:sfc_sf.obj
 0001:00044660       set_dwork_information_from_mx_array 0000000180045660 f   sfc_mex:sfc_sf.obj
 0001:00044f20       ptr2mxStruct               0000000180045f20 f   sfc_mex:sfc_sf.obj
 0001:00045230       SNPRINTF_WRAPPER           0000000180046230 f   sfc_debug:sfcdebug.obj
 0001:00045250       sf_debug_chart_instance_initialized_quick 0000000180046250 f   sfc_debug:sfcdebug.obj
 0001:00045260       sf_debug_chart_instance_initialized 0000000180046260 f   sfc_debug:sfcdebug.obj
 0001:00045400       sfrtAddSize                0000000180046400 f   sfc_debug:sfcdebug.obj
 0001:000454c0       sfrtGenSizeString          00000001800464c0 f   sfc_debug:sfcdebug.obj
 0001:00045bd0       fill_single_message_info   0000000180046bd0 f   sfc_debug:sfcdebug.obj
 0001:00045d90       sf_debug_sim_status_listener 0000000180046d90 f   sfc_debug:sfcdebug.obj
 0001:00046300       sf_debug_form_mask_bits    0000000180047300 f   sfc_debug:sfcdebug.obj
 0001:00046340       sf_debug_form_sf_data_type_offsets 0000000180047340 f   sfc_debug:sfcdebug.obj
 0001:00046400       sf_debug_free_all          0000000180047400 f   sfc_debug:sfcdebug.obj
 0001:000465b0       sf_debug_append_debugger_context 00000001800475b0 f   sfc_debug:sfcdebug.obj
 0001:00046870       local_strdup               0000000180047870 f   sfc_debug:sfcdebug.obj
 0001:00047750       sf_debug_em_terminate      0000000180048750 f   sfc_debug:sfcdebug.obj
 0001:00047790       sf_debug_push_eml_function 0000000180048790 f   sfc_debug:sfcdebug.obj
 0001:00047830       sf_debug_pop_eml_function  0000000180048830 f   sfc_debug:sfcdebug.obj
 0001:00048530       sf_debug_get_machine_number_from_id_or_name 0000000180049530 f   sfc_debug:sfcdebug.obj
 0001:00048680       sf_debug_get_chart_number_from_id 0000000180049680 f   sfc_debug:sfcdebug.obj
 0001:000492f0       sf_debug_transfer_control_to_debugger_GUI 000000018004a2f0 f   sfc_debug:sfcdebug.obj
 0001:0004a280       sf_debug_scripts_rehash    000000018004b280 f   sfc_debug:sfcdebug.obj
 0001:0004a4c0       sf_debug_get_script_line_count 000000018004b4c0 f   sfc_debug:sfcdebug.obj
 0001:0004adf0       cv_eml_state_cvId          000000018004bdf0 f   sfc_debug:sfcdebug.obj
 0001:0004ae60       cv_eml_trans_cvId          000000018004be60 f   sfc_debug:sfcdebug.obj
 0001:0004c120       sf_debug_data_array_bounds_error 000000018004d120 f   sfc_debug:sfcdebug.obj
 0001:0004c550       eml_debug_runtime_error_doclink 000000018004d550 f   sfc_debug:sfcdebug.obj
 0001:0004c6d0       sf_debug_runtime_error     000000018004d6d0 f   sfc_debug:sfcdebug.obj
 0001:0004c740       sf_debug_matlab_error      000000018004d740 f   sfc_debug:sfcdebug.obj
 0001:0004d070       sf_debug_data_value_error  000000018004e070 f   sfc_debug:sfcdebug.obj
 0001:0004d970       sf_debug_data_loss_error   000000018004e970 f   sfc_debug:sfcdebug.obj
 0001:0004e890       call_cv_range_check        000000018004f890 f   sfc_debug:sfcdebug.obj
 0001:0004f060       sf_debug_invoke_cycle_detection_code 0000000180050060 f   sfc_debug:sfcdebug.obj
 0001:00050140       sf_reset_debug_info_struct 0000000180051140 f   sfc_debug:sfcdebug.obj
 0001:00050a30       cv_script_cvId             0000000180051a30 f   sfc_debug:sfcdebug.obj
 0001:00051780       sfc_api_chart_visible      0000000180052780 f   sfc_debug:sfc_api.obj
 0001:00051800       sfc_api_active_instance    0000000180052800 f   sfc_debug:sfc_api.obj
 0001:00051880       sfc_api_machine_load       0000000180052880 f   sfc_debug:sfc_api.obj
 0001:00051950       sfc_api_debugger_alive     0000000180052950 f   sfc_debug:sfc_api.obj
 0001:00051960       sfc_api_go                 0000000180052960 f   sfc_debug:sfc_api.obj
 0001:00051970       sfc_api_step_over          0000000180052970 f   sfc_debug:sfc_api.obj
 0001:00051980       sfc_api_step_out           0000000180052980 f   sfc_debug:sfc_api.obj
 0001:00051990       sfc_api_resume             0000000180052990 f   sfc_debug:sfc_api.obj
 0001:000519a0       sfc_api_break              00000001800529a0 f   sfc_debug:sfc_api.obj
 0001:000519b0       sfc_api_stop_debugging     00000001800529b0 f   sfc_debug:sfc_api.obj
 0001:00051a00       sfc_api_is_cycle_detected  0000000180052a00 f   sfc_debug:sfc_api.obj
 0001:00051a50       sfc_api_is_array_bounds_detected 0000000180052a50 f   sfc_debug:sfc_api.obj
 0001:00051aa0       sfc_api_set_disable_all_breakpoints 0000000180052aa0 f   sfc_debug:sfc_api.obj
 0001:00051b10       sfc_api_disable_all_breakpoints_and_go 0000000180052b10 f   sfc_debug:sfc_api.obj
 0001:00051b20       sfc_api_close              0000000180052b20 f   sfc_debug:sfc_api.obj
 0001:00051b30       sfc_api_browse_data        0000000180052b30 f   sfc_debug:sfc_api.obj
 0001:00051ba0       sfc_api_watch_data         0000000180052ba0 f   sfc_debug:sfc_api.obj
 0001:00051c40       sfc_api_extract_message_post_receive_info 0000000180052c40 f   sfc_debug:sfc_api.obj
 0001:00051c60       sfc_api_assign_data        0000000180052c60 f   sfc_debug:sfc_api.obj
 0001:00051d00       sfc_api_whos               0000000180052d00 f   sfc_debug:sfc_api.obj
 0001:00051d90       sfc_api_get_consistency_info 0000000180052d90 f   sfc_debug:sfc_api.obj
 0001:00051da0       sfc_api_browse_trace       0000000180052da0 f   sfc_debug:sfc_api.obj
 0001:00051db0       sfc_api_break_on_chart_entry 0000000180052db0 f   sfc_debug:sfc_api.obj
 0001:00051dd0       sfc_api_break_on_event_broadcast 0000000180052dd0 f   sfc_debug:sfc_api.obj
 0001:00051df0       sfc_api_break_on_state_entry 0000000180052df0 f   sfc_debug:sfc_api.obj
 0001:00051e10       sfc_api_set_watch          0000000180052e10 f   sfc_debug:sfc_api.obj
 0001:00051eb0       sfc_api_set_breakpoints    0000000180052eb0 f   sfc_debug:sfc_api.obj
 0001:00051f50       sfc_api_set_eml_breakpoints 0000000180052f50 f   sfc_debug:sfc_api.obj
 0001:00051fd0       sfc_api_set_script_breakpoints 0000000180052fd0 f   sfc_debug:sfc_api.obj
 0001:00052020       sfc_api_add_script_breakpoints 0000000180053020 f   sfc_debug:sfc_api.obj
 0001:00052070       sfc_api_clear_script_breakpoints 0000000180053070 f   sfc_debug:sfc_api.obj
 0001:000520c0       sfc_api_query_script_breakpoints 00000001800530c0 f   sfc_debug:sfc_api.obj
 0001:00052120       sfc_api_get_script_id      0000000180053120 f   sfc_debug:sfc_api.obj
 0001:000521e0       sfc_api_get_active_states  00000001800531e0 f   sfc_debug:sfc_api.obj
 0001:00052260       sfc_api_break_between_times 0000000180053260 f   sfc_debug:sfc_api.obj
 0001:000522c0       sfc_api_get_instance_handle 00000001800532c0 f   sfc_debug:sfc_api.obj
 0001:00052370       sfc_api_set_animation      0000000180053370 f   sfc_debug:sfc_api.obj
 0001:000523c0       sfc_api_select_chart       00000001800533c0 f   sfc_debug:sfc_api.obj
 0001:00052420       sfc_api_select_charts      0000000180053420 f   sfc_debug:sfc_api.obj
 0001:00052450       sfc_api_cycle_detection_check 0000000180053450 f   sfc_debug:sfc_api.obj
 0001:000524a0       sfc_api_data_range_check   00000001800534a0 f   sfc_debug:sfc_api.obj
 0001:000524f0       sfc_api_transition_conflict_check 00000001800534f0 f   sfc_debug:sfc_api.obj
 0001:00052540       sfc_api_state_consistency_check 0000000180053540 f   sfc_debug:sfc_api.obj
 0001:00052590       sfc_api_set_instance_cv_ids 0000000180053590 f   sfc_debug:sfc_api.obj
 0001:000526a0       sfc_api_set_script_cv_ids  00000001800536a0 f   sfc_debug:sfc_api.obj
 0001:00052750       sfc_api_get_current_machine_id 0000000180053750 f   sfc_debug:sfc_api.obj
 0001:00052780       sfc_api_get_current_machine_number 0000000180053780 f   sfc_debug:sfc_api.obj
 0001:000527b0       sfc_api_get_current_chart_number 00000001800537b0 f   sfc_debug:sfc_api.obj
 0001:000527e0       sfc_api_get_current_instance_number 00000001800537e0 f   sfc_debug:sfc_api.obj
 0001:00052810       sfc_api_get_current_instance_handle 0000000180053810 f   sfc_debug:sfc_api.obj
 0001:00052830       sfc_api_get_current_is_minor_time_step 0000000180053830 f   sfc_debug:sfc_api.obj
 0001:00052860       sfc_api_get_current_machine_name 0000000180053860 f   sfc_debug:sfc_api.obj
 0001:00052880       sfc_api_get_current_chart_id 0000000180053880 f   sfc_debug:sfc_api.obj
 0001:000528b0       sfc_api_get_current_object_type 00000001800538b0 f   sfc_debug:sfc_api.obj
 0001:000528e0       sfc_api_get_current_event_type 00000001800538e0 f   sfc_debug:sfc_api.obj
 0001:00052910       sfc_api_get_current_object_id 0000000180053910 f   sfc_debug:sfc_api.obj
 0001:00052940       sfc_get_current_active_event_type 0000000180053940 f   sfc_debug:sfc_api.obj
 0001:00052970       sfc_api_get_current_active_event_id 0000000180053970 f   sfc_debug:sfc_api.obj
 0001:000529a0       sfc_api_get_current_simulation_time 00000001800539a0 f   sfc_debug:sfc_api.obj
 0001:000529c0       sfc_get_current_tag_type   00000001800539c0 f   sfc_debug:sfc_api.obj
 0001:000529f0       sfc_get_current_coverage_percentage 00000001800539f0 f   sfc_debug:sfc_api.obj
 0001:00052a10       sfc_get_current_statement_context 0000000180053a10 f   sfc_debug:sfc_api.obj
 0001:00052a30       sfc_get_current_optional_integer 0000000180053a30 f   sfc_debug:sfc_api.obj
 0001:00052a60       sfc_get_current_statement_info 0000000180053a60 f   sfc_debug:sfc_api.obj
 0001:00052b00       sfc_api_get                0000000180053b00 f   sfc_debug:sfc_api.obj
 0001:00052c60       sf_debug_sm_is_using_unified_editors 0000000180053c60 f   sfc_debug:sfdb_animation.obj
 0001:00052d00       sf_debug_sm_is_chart_visible_in_unified_editors 0000000180053d00 f   sfc_debug:sfdb_animation.obj
 0001:00052dc0       sf_debug_sm_check_if_chart_is_visible 0000000180053dc0 f   sfc_debug:sfdb_animation.obj
 0001:000538c0       sf_debug_sm_fill_state_activity_data 00000001800548c0 f   sfc_debug:sfdb_animation.obj
 0001:000560f0       void_ptr_stack_vector_free_total 00000001800570f0 f   sfc_debug:sfdb_data_browse.obj
 0001:00056180       sf_debug_st_terminate_machine 0000000180057180 f   sfc_debug:sfdb_data_browse.obj
 0001:000561c0       sf_debug_st_terminate_instance 00000001800571c0 f   sfc_debug:sfdb_data_browse.obj
 0001:00056570       push_on_to_void_ptr_stack  0000000180057570 f   sfc_debug:sfdb_data_browse.obj
 0001:00056700       pop_from_void_ptr_stack    0000000180057700 f   sfc_debug:sfdb_data_browse.obj
 0001:00056830       sf_debug_st_get_data_value 0000000180057830 f   sfc_debug:sfdb_data_browse.obj
 0001:00056dc0       mx_value                   0000000180057dc0 f   sfc_debug:sfdb_data_browse.obj
 0001:00056e00       sf_debug_st_fill_data_struct 0000000180057e00 f   sfc_debug:sfdb_data_browse.obj
 0001:00057140       data_type_format_strings   0000000180058140 f   sfc_debug:sfdb_data_browse.obj
 0001:000571f0       sf_debug_st_fill_data      00000001800581f0 f   sfc_debug:sfdb_data_browse.obj
 0001:00057f40       sf_debug_hm_get_simulink_handle 0000000180058f40 f   sfc_debug:sfdb_handle_management.obj
 0001:00058a90       sf_debug_hm_initialize_globals 0000000180059a90 f   sfc_debug:sfdb_handle_management.obj
 0001:00058b90       sf_debug_hm_get_machine_debug_flag 0000000180059b90 f   sfc_debug:sfdb_handle_management.obj
 0001:00058d00       sf_debug_hm_get_machine_id 0000000180059d00 f   sfc_debug:sfdb_handle_management.obj
 0001:00058e20       sf_debug_hm_get_chart_id   0000000180059e20 f   sfc_debug:sfdb_handle_management.obj
 0001:00058fc0       sf_debug_hm_register_executing_SFunction 0000000180059fc0 f   sfc_debug:sfdb_handle_management.obj
 0001:00059160       sf_debug_hm_get_chart_active_instance 000000018005a160 f   sfc_debug:sfdb_handle_management.obj
 0001:000592d0       sf_debug_hm_get_chart_visibility 000000018005a2d0 f   sfc_debug:sfdb_handle_management.obj
 0001:00059420       sf_debug_hm_form_object_boolean_properties 000000018005a420 f   sfc_debug:sfdb_handle_management.obj
 0001:000596f0       sf_debug_hm_form_object_properties 000000018005a6f0 f   sfc_debug:sfdb_handle_management.obj
 0001:00059930       sf_debug_hm_terminate_charts 000000018005a930 f   sfc_debug:sfdb_handle_management.obj
 0001:0005a0a0       sf_debug_hm_terminate_machines 000000018005b0a0 f   sfc_debug:sfdb_handle_management.obj
 0001:0005bcf0       sf_debug_ss_copy_dimension 000000018005ccf0 f   sfc_debug:sfdb_symbol_scope.obj
 0001:0005bdb0       sf_debug_ss_get_number_elements 000000018005cdb0 f   sfc_debug:sfdb_symbol_scope.obj
 0001:0005bdd0       sf_debug_ss_fill_data_struct 000000018005cdd0 f   sfc_debug:sfdb_symbol_scope.obj
 0001:0005c120       sf_debug_ss_reset_data_info 000000018005d120 f   sfc_debug:sfdb_symbol_scope.obj
 0001:0005c180       sf_debug_fill_data_info_by_symbol_scope_entry 000000018005d180 f   sfc_debug:sfdb_symbol_scope.obj
 0001:0005c240       sf_debug_fill_data_info_by_data_vector 000000018005d240 f   sfc_debug:sfdb_symbol_scope.obj
 0001:0005c490       sf_debug_ss_get_data_info  000000018005d490 f   sfc_debug:sfdb_symbol_scope.obj
 0001:0005c780       sf_debug_select_mex_function 000000018005d780 f   sfc_debug:sfdb_symbol_scope.obj
 0001:0005c7b0       sf_debug_is_dyn_matrix_initialized 000000018005d7b0 f   sfc_debug:sfdb_symbol_scope.obj
 0001:0005c7d0       sf_debug_ss_set_data_value_try 000000018005d7d0 f   sfc_debug:sfdb_symbol_scope.obj
 0001:0005c9a0       sf_debug_ss_get_data_value 000000018005d9a0 f   sfc_debug:sfdb_symbol_scope.obj
 0001:0005cef0       sf_debug_ss_data_bytes_string 000000018005def0 f   sfc_debug:sfdb_symbol_scope.obj
 0001:0005cfa0       sf_debug_ss_data_class_string 000000018005dfa0 f   sfc_debug:sfdb_symbol_scope.obj
 0001:0005d330       sf_debug_ss_data_size_string 000000018005e330 f   sfc_debug:sfdb_symbol_scope.obj
 0001:0005d410       sf_debug_ss_data_create_data_info_struct 000000018005e410 f   sfc_debug:sfdb_symbol_scope.obj
 0001:0005d6e0       sf_debug_ss_data_create_name_value_pair 000000018005e6e0 f   sfc_debug:sfdb_symbol_scope.obj
 0001:0005d780       sf_debug_ss_data_get_whos_info 000000018005e780 f   sfc_debug:sfdb_symbol_scope.obj
 0001:0005d790       same_named_data_in_data_array 000000018005e790 f   sfc_debug:sfdb_symbol_scope.obj
 0001:0005f000       sf_debug_cc_terminate_chart 0000000180060000 f   sfc_debug:sfdb_coverage.obj
 0001:0005f3a0       sf_debug_cc_terminate_instance 00000001800603a0 f   sfc_debug:sfdb_coverage.obj
 0001:0005ff90       sf_debug_cc_mark_object_if_needed 0000000180060f90 f   sfc_debug:sfdb_coverage.obj
 0001:00060890       sf_debug_bm_initialize_eml 0000000180061890 f   sfc_debug:sfdb_breakpoints.obj
 0001:00061a00       sf_debug_bm_map_debug_tag_to_breakpoint_tag 0000000180062a00 f   sfc_debug:sfdb_breakpoints.obj
 0001:00061ae0       sf_debug_bm_is_a_eml_breakpoint_impl 0000000180062ae0 f   sfc_debug:sfdb_breakpoints.obj
 0001:00063560       sf_debug_sc_push_on_error_stack 0000000180064560 f   sfc_debug:sfdb_state_consistency.obj
 0001:00063690       sf_debug_sc_reset_error_stack 0000000180064690 f   sfc_debug:sfdb_state_consistency.obj
 0001:00063820       sf_debug_sc_is_state_inconsistent 0000000180064820 f   sfc_debug:sfdb_state_consistency.obj
 0001:00063b20       sf_debug_sc_fill_consistency_info 0000000180064b20 f   sfc_debug:sfdb_state_consistency.obj
 0001:00064100       void_assertion_fcn         0000000180065100 f   sfc_debug:sfdb_call_stack.obj
 0001:00064680       sf_debug_tm_fill_local_trace 0000000180065680 f   sfc_debug:sfdb_call_stack.obj
 0001:00064c50       sf_debug_cd_terminate_instance 0000000180065c50 f   sfc_debug:sfdb_cycle_detection.obj
 0001:00064cb0       sf_debug_cd_free_checksum_stack 0000000180065cb0 f   sfc_debug:sfdb_cycle_detection.obj
 0001:00064d00       sf_debug_cd_reset_pack_strings 0000000180065d00 f   sfc_debug:sfdb_cycle_detection.obj
 0001:000653c0       md5file_clear              00000001800663c0 f   sfc_debug:ckmd5.obj
 0001:000653f0       Encode                     00000001800663f0 f   sfc_debug:ckmd5.obj
 0001:00065440       Decode                     0000000180066440 f   sfc_debug:ckmd5.obj
 0001:000654e0       MD5Transform               00000001800664e0 f   sfc_debug:ckmd5.obj
 0001:00065d30       md5file_addn               0000000180066d30 f   sfc_debug:ckmd5.obj
 0001:00065e00       md5file_hash               0000000180066e00 f   sfc_debug:ckmd5.obj
 0001:000662d0       pre_c_init                 00000001800672d0 f   MSVCRT:crtdll.obj
 0001:0006658c       __DllMainCRTStartup        000000018006758c f   MSVCRT:crtdll.obj
 0001:00066c90       __DllMainCRTStartup$filt$0 0000000180067c90 f   MSVCRT:crtdll.obj
 0001:00066cc0       __DllMainCRTStartup$fin$1  0000000180067cc0 f   MSVCRT:crtdll.obj
 0001:00066cda       _onexit$fin$0              0000000180067cda f   MSVCRT:atonexit.obj
 0001:00066d00       _IsNonwritableInCurrentImage$filt$0 0000000180067d00 f   MSVCRT:pesect.obj
